Archive member included to satisfy reference by file (symbol)

/usr/lib/gcc/arm-none-eabi/12.2.0/thumb/v6-m/nofp/libgcc.a(_dvmd_tls.o)
                              CMakeFiles/engine.dir/opt/pico-sdk/src/rp2_common/pico_divider/divider.S.obj (__aeabi_idiv0)
/usr/lib/gcc/arm-none-eabi/12.2.0/../../../../arm-none-eabi/lib/thumb/v6-m/nofp/libg.a(lib_a-atexit.o)
                              /usr/lib/gcc/arm-none-eabi/12.2.0/../../../../arm-none-eabi/lib/thumb/v6-m/nofp/crt0.o (atexit)
/usr/lib/gcc/arm-none-eabi/12.2.0/../../../../arm-none-eabi/lib/thumb/v6-m/nofp/libg.a(lib_a-calloc.o)
                              CMakeFiles/engine.dir/opt/pico-sdk/src/rp2_common/pico_malloc/pico_malloc.c.obj (calloc)
/usr/lib/gcc/arm-none-eabi/12.2.0/../../../../arm-none-eabi/lib/thumb/v6-m/nofp/libg.a(lib_a-callocr.o)
                              /usr/lib/gcc/arm-none-eabi/12.2.0/../../../../arm-none-eabi/lib/thumb/v6-m/nofp/libg.a(lib_a-calloc.o) (_calloc_r)
/usr/lib/gcc/arm-none-eabi/12.2.0/../../../../arm-none-eabi/lib/thumb/v6-m/nofp/libg.a(lib_a-errno.o)
                              /usr/lib/gcc/arm-none-eabi/12.2.0/../../../../arm-none-eabi/lib/thumb/v6-m/nofp/libg.a(lib_a-callocr.o) (__errno)
/usr/lib/gcc/arm-none-eabi/12.2.0/../../../../arm-none-eabi/lib/thumb/v6-m/nofp/libg.a(lib_a-fini.o)
                              /usr/lib/gcc/arm-none-eabi/12.2.0/../../../../arm-none-eabi/lib/thumb/v6-m/nofp/crt0.o (__libc_fini_array)
/usr/lib/gcc/arm-none-eabi/12.2.0/../../../../arm-none-eabi/lib/thumb/v6-m/nofp/libg.a(lib_a-impure.o)
                              /usr/lib/gcc/arm-none-eabi/12.2.0/../../../../arm-none-eabi/lib/thumb/v6-m/nofp/libg.a(lib_a-calloc.o) (_impure_ptr)
/usr/lib/gcc/arm-none-eabi/12.2.0/../../../../arm-none-eabi/lib/thumb/v6-m/nofp/libg.a(lib_a-init.o)
                              /usr/lib/gcc/arm-none-eabi/12.2.0/../../../../arm-none-eabi/lib/thumb/v6-m/nofp/crt0.o (__libc_init_array)
/usr/lib/gcc/arm-none-eabi/12.2.0/../../../../arm-none-eabi/lib/thumb/v6-m/nofp/libg.a(lib_a-malloc.o)
                              CMakeFiles/engine.dir/opt/pico-sdk/src/rp2_common/pico_malloc/pico_malloc.c.obj (malloc)
/usr/lib/gcc/arm-none-eabi/12.2.0/../../../../arm-none-eabi/lib/thumb/v6-m/nofp/libg.a(lib_a-mallocr.o)
                              /usr/lib/gcc/arm-none-eabi/12.2.0/../../../../arm-none-eabi/lib/thumb/v6-m/nofp/libg.a(lib_a-callocr.o) (_malloc_r)
/usr/lib/gcc/arm-none-eabi/12.2.0/../../../../arm-none-eabi/lib/thumb/v6-m/nofp/libg.a(lib_a-mlock.o)
                              /usr/lib/gcc/arm-none-eabi/12.2.0/../../../../arm-none-eabi/lib/thumb/v6-m/nofp/libg.a(lib_a-mallocr.o) (__malloc_lock)
/usr/lib/gcc/arm-none-eabi/12.2.0/../../../../arm-none-eabi/lib/thumb/v6-m/nofp/libg.a(lib_a-realloc.o)
                              CMakeFiles/engine.dir/opt/pico-sdk/src/rp2_common/pico_malloc/pico_malloc.c.obj (realloc)
/usr/lib/gcc/arm-none-eabi/12.2.0/../../../../arm-none-eabi/lib/thumb/v6-m/nofp/libg.a(lib_a-reallocr.o)
                              /usr/lib/gcc/arm-none-eabi/12.2.0/../../../../arm-none-eabi/lib/thumb/v6-m/nofp/libg.a(lib_a-realloc.o) (_realloc_r)
/usr/lib/gcc/arm-none-eabi/12.2.0/../../../../arm-none-eabi/lib/thumb/v6-m/nofp/libg.a(lib_a-sbrkr.o)
                              /usr/lib/gcc/arm-none-eabi/12.2.0/../../../../arm-none-eabi/lib/thumb/v6-m/nofp/libg.a(lib_a-mallocr.o) (_sbrk_r)
/usr/lib/gcc/arm-none-eabi/12.2.0/../../../../arm-none-eabi/lib/thumb/v6-m/nofp/libg.a(lib_a-strlen-stub.o)
                              CMakeFiles/engine.dir/opt/pico-sdk/src/rp2_common/pico_stdio/stdio.c.obj (strlen)
/usr/lib/gcc/arm-none-eabi/12.2.0/../../../../arm-none-eabi/lib/thumb/v6-m/nofp/libg.a(lib_a-__atexit.o)
                              /usr/lib/gcc/arm-none-eabi/12.2.0/../../../../arm-none-eabi/lib/thumb/v6-m/nofp/libg.a(lib_a-atexit.o) (__register_exitproc)
/usr/lib/gcc/arm-none-eabi/12.2.0/../../../../arm-none-eabi/lib/thumb/v6-m/nofp/libg.a(lib_a-__call_atexit.o)
                              /usr/lib/gcc/arm-none-eabi/12.2.0/../../../../arm-none-eabi/lib/thumb/v6-m/nofp/libg.a(lib_a-__atexit.o) (__atexit_recursive_mutex)
/usr/lib/gcc/arm-none-eabi/12.2.0/../../../../arm-none-eabi/lib/thumb/v6-m/nofp/libg.a(lib_a-freer.o)
                              /usr/lib/gcc/arm-none-eabi/12.2.0/../../../../arm-none-eabi/lib/thumb/v6-m/nofp/libg.a(lib_a-malloc.o) (_free_r)
/usr/lib/gcc/arm-none-eabi/12.2.0/../../../../arm-none-eabi/lib/thumb/v6-m/nofp/libg.a(lib_a-lock.o)
                              /usr/lib/gcc/arm-none-eabi/12.2.0/../../../../arm-none-eabi/lib/thumb/v6-m/nofp/libg.a(lib_a-mlock.o) (__retarget_lock_acquire_recursive)
/usr/lib/gcc/arm-none-eabi/12.2.0/../../../../arm-none-eabi/lib/thumb/v6-m/nofp/libg.a(lib_a-memmove.o)
                              /usr/lib/gcc/arm-none-eabi/12.2.0/../../../../arm-none-eabi/lib/thumb/v6-m/nofp/libg.a(lib_a-reallocr.o) (memmove)
/usr/lib/gcc/arm-none-eabi/12.2.0/../../../../arm-none-eabi/lib/thumb/v6-m/nofp/libg.a(lib_a-reent.o)
[...]
Memory Configuration

Name             Origin             Length             Attributes
FLASH            0x0000000010000000 0x0000000000200000 xr
RAM              0x0000000020000000 0x0000000000040000 xrw
SCRATCH_X        0x0000000020040000 0x0000000000001000 xrw
SCRATCH_Y        0x0000000020041000 0x0000000000001000 xrw
*default*        0x0000000000000000 0xffffffffffffffff

Linker script and memory map

LOAD /usr/lib/gcc/arm-none-eabi/12.2.0/thumb/v6-m/nofp/crti.o
LOAD /usr/lib/gcc/arm-none-eabi/12.2.0/thumb/v6-m/nofp/crtbegin.o
LOAD /usr/lib/gcc/arm-none-eabi/12.2.0/../../../../arm-none-eabi/lib/thumb/v6-m/nofp/crt0.o

.flash_begin    0x0000000010000000        0x0
                0x0000000010000000                __flash_binary_start = .

.boot2          0x0000000010000000      0x100
                0x0000000010000000                __boot2_start__ = .
 *(.boot2)
 .boot2         0x0000000010000000      0x100 /tmp/ccvGlS5y.o
                0x0000000010000100                __boot2_end__ = .
                0x0000000000000001                ASSERT (((__boot2_end__ - __boot2_start__) == 0x100), ERROR: Pico second stage bootloader must be 256 bytes in size)

.text           0x0000000010000100     0x3fc0
                0x0000000010000100                __logical_binary_start = .
 *(.vectors)
 .vectors       0x0000000010000100       0xd4 CMakeFiles/engine.dir/opt/pico-sdk/src/rp2_common/pico_standard_link/crt0.S.obj
                0x0000000010000100                __vectors
                0x0000000010000100                __VECTOR_TABLE
                0x00000000100001c0                isr_invalid
                0x00000000100001c0                __default_isrs_start
                0x00000000100001c2                isr_nmi
                0x00000000100001c4                isr_hardfault
                0x00000000100001c6                isr_svcall
                0x00000000100001c8                isr_pendsv
                0x00000000100001ca                isr_systick
                0x00000000100001cc                isr_irq30
                0x00000000100001cc                __unhandled_user_irq
                0x00000000100001cc                isr_irq13
                0x00000000100001cc                isr_irq27
                0x00000000100001cc                isr_irq31
                0x00000000100001cc                isr_irq5
                0x00000000100001cc                isr_irq11
                0x00000000100001cc                isr_irq23
                0x00000000100001cc                isr_irq18
                0x00000000100001cc                isr_irq28
                0x00000000100001cc                isr_irq19
                0x00000000100001cc                isr_irq0
                0x00000000100001cc                isr_irq6
                0x00000000100001cc                isr_irq22
                0x00000000100001cc                isr_irq17
                0x00000000100001cc                isr_irq14
                0x00000000100001cc                isr_irq2
                0x00000000100001cc                isr_irq10
                0x00000000100001cc                isr_irq8
                0x00000000100001cc                isr_irq24
                0x00000000100001cc                isr_irq1
                0x00000000100001cc                isr_irq7
                0x00000000100001cc                isr_irq21
                0x00000000100001cc                isr_irq20
                0x00000000100001cc                isr_irq15
                0x00000000100001cc                isr_irq25
                0x00000000100001cc                isr_irq4
                0x00000000100001cc                isr_irq16
                0x00000000100001cc                isr_irq29
                0x00000000100001cc                isr_irq26
                0x00000000100001cc                __default_isrs_end
                0x00000000100001cc                isr_irq3
                0x00000000100001cc                isr_irq12
                0x00000000100001cc                isr_irq9
                0x00000000100001d2                unhandled_user_irq_num_in_r0
 *(.binary_info_header)
 .binary_info_header
                0x00000000100001d4       0x14 CMakeFiles/engine.dir/opt/pico-sdk/src/rp2_common/pico_standard_link/crt0.S.obj
                0x00000000100001e8                __binary_info_header_end = .
 *(.reset)
 .reset         0x00000000100001e8       0xa8 CMakeFiles/engine.dir/opt/pico-sdk/src/rp2_common/pico_standard_link/crt0.S.obj
                0x00000000100001e8                _entry_point
                0x0000000010000266                __get_current_exception
 .reset         0x0000000010000290       0x30 CMakeFiles/engine.dir/opt/pico-sdk/src/rp2_common/pico_standard_link/binary_info.c.obj
 *(.init)
 .init          0x00000000100002c0        0x4 /usr/lib/gcc/arm-none-eabi/12.2.0/thumb/v6-m/nofp/crti.o
                0x00000000100002c0                _init
 *(EXCLUDE_FILE(*libm.a: *libc.a:*lib_a-mem*.o *libgcc.a:) .text*)
 .text.frame_dummy
                0x00000000100002c4       0x20 /usr/lib/gcc/arm-none-eabi/12.2.0/thumb/v6-m/nofp/crtbegin.o
 .text._Z5core2v
                0x00000000100002e4        0xa CMakeFiles/engine.dir/engine/engine.cpp.obj
                0x00000000100002e4                core2()
 .text._Z6renderv
                0x00000000100002ee        0x2 CMakeFiles/engine.dir/engine/engine.cpp.obj
                0x00000000100002ee                render()
 .text._Z6updatev
                0x00000000100002f0        0x6 CMakeFiles/engine.dir/engine/engine.cpp.obj
                0x00000000100002f0                update()
 *fill*         0x00000000100002f6        0x2 
 .text.main     0x00000000100002f8       0x14 CMakeFiles/engine.dir/engine/engine.cpp.obj
                0x00000000100002f8                main
 .text.core1_trampoline
                0x000000001000030c        0x2 CMakeFiles/engine.dir/opt/pico-sdk/src/rp2_common/pico_multicore/multicore.c.obj
 .text.core1_wrapper
                0x000000001000030e        0xc CMakeFiles/engine.dir/opt/pico-sdk/src/rp2_common/pico_multicore/multicore.c.obj
                0x000000001000030e                core1_wrapper
 .text.multicore_fifo_push_blocking
                0x000000001000031a       0x14 CMakeFiles/engine.dir/opt/pico-sdk/src/rp2_common/pico_multicore/multicore.c.obj
                0x000000001000031a                multicore_fifo_push_blocking
 .text.multicore_fifo_pop_blocking
                0x000000001000032e       0x16 CMakeFiles/engine.dir/opt/pico-sdk/src/rp2_common/pico_multicore/multicore.c.obj
                0x000000001000032e                multicore_fifo_pop_blocking
 .text.multicore_launch_core1_raw
                0x0000000010000344       0x70 CMakeFiles/engine.dir/opt/pico-sdk/src/rp2_common/pico_multicore/multicore.c.obj
                0x0000000010000344                multicore_launch_core1_raw
 .text.multicore_launch_core1_with_stack
                0x00000000100003b4       0x50 CMakeFiles/engine.dir/opt/pico-sdk/src/rp2_common/pico_multicore/multicore.c.obj
                0x00000000100003b4                multicore_launch_core1_with_stack
 .text.multicore_launch_core1
                0x0000000010000404       0x24 CMakeFiles/engine.dir/opt/pico-sdk/src/rp2_common/pico_multicore/multicore.c.obj
                0x0000000010000404                multicore_launch_core1
 .text.lock_init
                0x0000000010000428       0x10 CMakeFiles/engine.dir/opt/pico-sdk/src/common/pico_sync/lock_core.c.obj
                0x0000000010000428                lock_init
 .text.spin_locks_reset
                0x0000000010000438       0x20 CMakeFiles/engine.dir/opt/pico-sdk/src/rp2_common/hardware_sync/sync.c.obj
                0x0000000010000438                spin_locks_reset
 .text.next_striped_spin_lock_num
                0x0000000010000458       0x1c CMakeFiles/engine.dir/opt/pico-sdk/src/rp2_common/hardware_sync/sync.c.obj
                0x0000000010000458                next_striped_spin_lock_num
 .text.hw_claim_lock
                0x0000000010000474       0x18 CMakeFiles/engine.dir/opt/pico-sdk/src/rp2_common/hardware_claim/claim.c.obj
                0x0000000010000474                hw_claim_lock
 .text.hw_claim_unlock
                0x000000001000048c       0x14 CMakeFiles/engine.dir/opt/pico-sdk/src/rp2_common/hardware_claim/claim.c.obj
                0x000000001000048c                hw_claim_unlock
 .text.hw_claim_or_assert
                0x00000000100004a0       0x32 CMakeFiles/engine.dir/opt/pico-sdk/src/rp2_common/hardware_claim/claim.c.obj
                0x00000000100004a0                hw_claim_or_assert
 *fill*         0x00000000100004d2        0x2 
 .text.running_on_fpga
                0x00000000100004d4       0x14 CMakeFiles/engine.dir/opt/pico-sdk/src/rp2_common/pico_platform/platform.c.obj
                0x00000000100004d4                running_on_fpga
 .text.time_reached
                0x00000000100004e8       0x28 CMakeFiles/engine.dir/opt/pico-sdk/src/common/pico_time/time.c.obj
 .text.get_entry
                0x0000000010000510       0x38 CMakeFiles/engine.dir/opt/pico-sdk/src/common/pico_time/time.c.obj
 .text.timer_pool_entry_comparator
                0x0000000010000548       0x2e CMakeFiles/engine.dir/opt/pico-sdk/src/common/pico_time/time.c.obj
                0x0000000010000548                timer_pool_entry_comparator
 *fill*         0x0000000010000576        0x2 
 .text.update_us_since_boot
                0x0000000010000578       0x24 CMakeFiles/engine.dir/opt/pico-sdk/src/common/pico_time/time.c.obj
 .text.delayed_by_us
                0x000000001000059c       0x36 CMakeFiles/engine.dir/opt/pico-sdk/src/common/pico_time/time.c.obj
 *fill*         0x00000000100005d2        0x2 
 .text.ph_get_node
                0x00000000100005d4       0x30 CMakeFiles/engine.dir/opt/pico-sdk/src/common/pico_time/time.c.obj
 .text.ph_contains_node
                0x0000000010000604       0x1e CMakeFiles/engine.dir/opt/pico-sdk/src/common/pico_time/time.c.obj
 .text.ph_new_node
                0x0000000010000622       0x28 CMakeFiles/engine.dir/opt/pico-sdk/src/common/pico_time/time.c.obj
 *fill*         0x000000001000064a        0x2 
 .text.ph_add_child_node
                0x000000001000064c       0x6c CMakeFiles/engine.dir/opt/pico-sdk/src/common/pico_time/time.c.obj
 .text.ph_merge_nodes
                0x00000000100006b8       0x3e CMakeFiles/engine.dir/opt/pico-sdk/src/common/pico_time/time.c.obj
 *fill*         0x00000000100006f6        0x2 
 .text.ph_insert_node
                0x00000000100006f8       0x3c CMakeFiles/engine.dir/opt/pico-sdk/src/common/pico_time/time.c.obj
 .text.ph_free_node
                0x0000000010000734       0x3c CMakeFiles/engine.dir/opt/pico-sdk/src/common/pico_time/time.c.obj
 .text.get_entry_id_high
                0x0000000010000770       0x30 CMakeFiles/engine.dir/opt/pico-sdk/src/common/pico_time/time.c.obj
 .text.alarm_pool_post_alloc_init
                0x00000000100007a0       0x40 CMakeFiles/engine.dir/opt/pico-sdk/src/common/pico_time/time.c.obj
 .text.sleep_until_callback
                0x00000000100007e0       0x30 CMakeFiles/engine.dir/opt/pico-sdk/src/common/pico_time/time.c.obj
 .text.get_absolute_time
                0x0000000010000810       0x22 CMakeFiles/engine.dir/opt/pico-sdk/src/common/pico_time/time.c.obj
 .text.make_timeout_time_us
                0x0000000010000832       0x24 CMakeFiles/engine.dir/opt/pico-sdk/src/common/pico_time/time.c.obj
 *fill*         0x0000000010000856        0x2 
 .text.add_alarm_under_lock
                0x0000000010000858       0x94 CMakeFiles/engine.dir/opt/pico-sdk/src/common/pico_time/time.c.obj
 .text.alarm_pool_alarm_callback
                0x00000000100008ec      0x20c CMakeFiles/engine.dir/opt/pico-sdk/src/common/pico_time/time.c.obj
 .text.alarm_pool_init_default
                0x0000000010000af8       0x38 CMakeFiles/engine.dir/opt/pico-sdk/src/common/pico_time/time.c.obj
                0x0000000010000af8                alarm_pool_init_default
 .text.alarm_pool_get_default
                0x0000000010000b30       0x2c CMakeFiles/engine.dir/opt/pico-sdk/src/common/pico_time/time.c.obj
                0x0000000010000b30                alarm_pool_get_default
 .text.alarm_pool_add_alarm_at
                0x0000000010000b5c      0x10e CMakeFiles/engine.dir/opt/pico-sdk/src/common/pico_time/time.c.obj
                0x0000000010000b5c                alarm_pool_add_alarm_at
 .text.add_alarm_at
                0x0000000010000c6a       0x2e CMakeFiles/engine.dir/opt/pico-sdk/src/common/pico_time/time.c.obj
 .text.sleep_until
                0x0000000010000c98       0xb0 CMakeFiles/engine.dir/opt/pico-sdk/src/common/pico_time/time.c.obj
                0x0000000010000c98                sleep_until
 .text.sleep_us
                0x0000000010000d48       0x1a CMakeFiles/engine.dir/opt/pico-sdk/src/common/pico_time/time.c.obj
                0x0000000010000d48                sleep_us
 .text.sleep_ms
                0x0000000010000d62       0x14 CMakeFiles/engine.dir/opt/pico-sdk/src/common/pico_time/time.c.obj
                0x0000000010000d62                sleep_ms
 *fill*         0x0000000010000d76        0x2 
 .text.hardware_alarm_irq_handler
                0x0000000010000d78       0x88 CMakeFiles/engine.dir/opt/pico-sdk/src/rp2_common/hardware_timer/timer.c.obj
 .text.hardware_alarm_claim
                0x0000000010000e00       0x18 CMakeFiles/engine.dir/opt/pico-sdk/src/rp2_common/hardware_timer/timer.c.obj
                0x0000000010000e00                hardware_alarm_claim
 .text.time_us_64
                0x0000000010000e18       0x18 CMakeFiles/engine.dir/opt/pico-sdk/src/rp2_common/hardware_timer/timer.c.obj
                0x0000000010000e18                time_us_64
 .text.busy_wait_until
                0x0000000010000e30       0x28 CMakeFiles/engine.dir/opt/pico-sdk/src/rp2_common/hardware_timer/timer.c.obj
                0x0000000010000e30                busy_wait_until
 .text.hardware_alarm_set_callback
                0x0000000010000e58       0x90 CMakeFiles/engine.dir/opt/pico-sdk/src/rp2_common/hardware_timer/timer.c.obj
                0x0000000010000e58                hardware_alarm_set_callback
 .text.hardware_alarm_set_target
                0x0000000010000ee8       0xe8 CMakeFiles/engine.dir/opt/pico-sdk/src/rp2_common/hardware_timer/timer.c.obj
                0x0000000010000ee8                hardware_alarm_set_target
 .text.hardware_alarm_cancel
                0x0000000010000fd0       0x40 CMakeFiles/engine.dir/opt/pico-sdk/src/rp2_common/hardware_timer/timer.c.obj
                0x0000000010000fd0                hardware_alarm_cancel
 .text.ph_get_node
                0x0000000010001010       0x30 CMakeFiles/engine.dir/opt/pico-sdk/src/common/pico_util/pheap.c.obj
 .text.ph_add_child_node
                0x0000000010001040       0x6c CMakeFiles/engine.dir/opt/pico-sdk/src/common/pico_util/pheap.c.obj
 .text.ph_merge_nodes
                0x00000000100010ac       0x3e CMakeFiles/engine.dir/opt/pico-sdk/src/common/pico_util/pheap.c.obj
 .text.ph_clear
                0x00000000100010ea       0x34 CMakeFiles/engine.dir/opt/pico-sdk/src/common/pico_util/pheap.c.obj
                0x00000000100010ea                ph_clear
 .text.ph_post_alloc_init
                0x000000001000111e        0xe CMakeFiles/engine.dir/opt/pico-sdk/src/common/pico_util/pheap.c.obj
                0x000000001000111e                ph_post_alloc_init
 .text.ph_merge_two_pass
                0x000000001000112c       0x5c CMakeFiles/engine.dir/opt/pico-sdk/src/common/pico_util/pheap.c.obj
                0x000000001000112c                ph_merge_two_pass
 .text.ph_remove_any_head
                0x0000000010001188       0xa4 CMakeFiles/engine.dir/opt/pico-sdk/src/common/pico_util/pheap.c.obj
 .text.ph_remove_head
                0x000000001000122c       0x14 CMakeFiles/engine.dir/opt/pico-sdk/src/common/pico_util/pheap.c.obj
                0x000000001000122c                ph_remove_head
 .text.ph_remove_and_free_node
                0x0000000010001240       0xa0 CMakeFiles/engine.dir/opt/pico-sdk/src/common/pico_util/pheap.c.obj
                0x0000000010001240                ph_remove_and_free_node
 .text.mutex_init
                0x00000000100012e0       0x1a CMakeFiles/engine.dir/opt/pico-sdk/src/common/pico_sync/mutex.c.obj
                0x00000000100012e0                mutex_init
 .text.recursive_mutex_init
                0x00000000100012fa       0x1e CMakeFiles/engine.dir/opt/pico-sdk/src/common/pico_sync/mutex.c.obj
                0x00000000100012fa                recursive_mutex_init
 .text.set_raw_irq_handler_and_unlock
                0x0000000010001318       0x28 CMakeFiles/engine.dir/opt/pico-sdk/src/rp2_common/hardware_irq/irq.c.obj
 .text.resolve_branch
                0x0000000010001340       0x30 CMakeFiles/engine.dir/opt/pico-sdk/src/rp2_common/hardware_irq/irq.c.obj
 .text.make_branch
                0x0000000010001370       0x48 CMakeFiles/engine.dir/opt/pico-sdk/src/rp2_common/hardware_irq/irq.c.obj
 .text.insert_branch_and_link
                0x00000000100013b8       0x40 CMakeFiles/engine.dir/opt/pico-sdk/src/rp2_common/hardware_irq/irq.c.obj
 .text.irq_is_enabled
                0x00000000100013f8       0x18 CMakeFiles/engine.dir/opt/pico-sdk/src/rp2_common/hardware_irq/irq.c.obj
                0x00000000100013f8                irq_is_enabled
 .text.irq_set_mask_enabled
                0x0000000010001410       0x20 CMakeFiles/engine.dir/opt/pico-sdk/src/rp2_common/hardware_irq/irq.c.obj
                0x0000000010001410                irq_set_mask_enabled
 .text.irq_set_enabled
                0x0000000010001430        0xe CMakeFiles/engine.dir/opt/pico-sdk/src/rp2_common/hardware_irq/irq.c.obj
                0x0000000010001430                irq_set_enabled
 *fill*         0x000000001000143e        0x2 
 .text.irq_get_vtable_handler
                0x0000000010001440       0x10 CMakeFiles/engine.dir/opt/pico-sdk/src/rp2_common/hardware_irq/irq.c.obj
                0x0000000010001440                irq_get_vtable_handler
 .text.irq_set_exclusive_handler
                0x0000000010001450       0x54 CMakeFiles/engine.dir/opt/pico-sdk/src/rp2_common/hardware_irq/irq.c.obj
                0x0000000010001450                irq_set_exclusive_handler
 .text.irq_remove_handler
                0x00000000100014a4      0x188 CMakeFiles/engine.dir/opt/pico-sdk/src/rp2_common/hardware_irq/irq.c.obj
                0x00000000100014a4                irq_remove_handler
 .text.irq_add_tail_to_free_list
                0x000000001000162c       0xf0 CMakeFiles/engine.dir/opt/pico-sdk/src/rp2_common/hardware_irq/irq.c.obj
                0x000000001000162c                irq_add_tail_to_free_list
 .text.irq_init_priorities
                0x000000001000171c       0x1c CMakeFiles/engine.dir/opt/pico-sdk/src/rp2_common/hardware_irq/irq.c.obj
                0x000000001000171c                irq_init_priorities
 .text._exit    0x0000000010001738        0x4 CMakeFiles/engine.dir/opt/pico-sdk/src/rp2_common/pico_runtime/runtime.c.obj
                0x0000000010001738                _exit
 .text.exit     0x000000001000173c        0x6 CMakeFiles/engine.dir/opt/pico-sdk/src/rp2_common/pico_runtime/runtime.c.obj
                0x000000001000173c                exit
 *fill*         0x0000000010001742        0x2 
 .text.__assert_func
                0x0000000010001744       0x38 CMakeFiles/engine.dir/opt/pico-sdk/src/rp2_common/pico_runtime/runtime.c.obj
                0x0000000010001744                __assert_func
 .text.runtime_init
                0x000000001000177c       0xf8 CMakeFiles/engine.dir/opt/pico-sdk/src/rp2_common/pico_runtime/runtime.c.obj
                0x000000001000177c                runtime_init
 .text.panic    0x0000000010001874       0x30 CMakeFiles/engine.dir/opt/pico-sdk/src/rp2_common/pico_runtime/runtime.c.obj
                0x0000000010001874                panic
 .text.clock_configure
                0x00000000100018a4      0x104 CMakeFiles/engine.dir/opt/pico-sdk/src/rp2_common/hardware_clocks/clocks.c.obj
                0x00000000100018a4                clock_configure
 .text.clocks_init
                0x00000000100019a8      0x100 CMakeFiles/engine.dir/opt/pico-sdk/src/rp2_common/hardware_clocks/clocks.c.obj
                0x00000000100019a8                clocks_init
 .text.pll_init
                0x0000000010001aa8      0x140 CMakeFiles/engine.dir/opt/pico-sdk/src/rp2_common/hardware_pll/pll.c.obj
                0x0000000010001aa8                pll_init
 .text.watchdog_start_tick
                0x0000000010001be8       0x10 CMakeFiles/engine.dir/opt/pico-sdk/src/rp2_common/hardware_watchdog/watchdog.c.obj
                0x0000000010001be8                watchdog_start_tick
 .text.xosc_init
                0x0000000010001bf8       0x28 CMakeFiles/engine.dir/opt/pico-sdk/src/rp2_common/hardware_xosc/xosc.c.obj
                0x0000000010001bf8                xosc_init
 .text._out_null
                0x0000000010001c20        0x2 CMakeFiles/engine.dir/opt/pico-sdk/src/rp2_common/pico_printf/printf.c.obj
 .text._out_fct
                0x0000000010001c22        0xe CMakeFiles/engine.dir/opt/pico-sdk/src/rp2_common/pico_printf/printf.c.obj
 .text._atoi    0x0000000010001c30       0x24 CMakeFiles/engine.dir/opt/pico-sdk/src/rp2_common/pico_printf/printf.c.obj
 .text._out_rev
                0x0000000010001c54       0xae CMakeFiles/engine.dir/opt/pico-sdk/src/rp2_common/pico_printf/printf.c.obj
 .text._ntoa_format
                0x0000000010001d02      0x110 CMakeFiles/engine.dir/opt/pico-sdk/src/rp2_common/pico_printf/printf.c.obj
 .text._ntoa_long
                0x0000000010001e12       0xbc CMakeFiles/engine.dir/opt/pico-sdk/src/rp2_common/pico_printf/printf.c.obj
 .text._ntoa_long_long
                0x0000000010001ece      0x10e CMakeFiles/engine.dir/opt/pico-sdk/src/rp2_common/pico_printf/printf.c.obj
 .text._etoa    0x0000000010001fdc      0x420 CMakeFiles/engine.dir/opt/pico-sdk/src/rp2_common/pico_printf/printf.c.obj
 .text._ftoa    0x00000000100023fc      0x354 CMakeFiles/engine.dir/opt/pico-sdk/src/rp2_common/pico_printf/printf.c.obj
 .text._vsnprintf
                0x0000000010002750      0x65c CMakeFiles/engine.dir/opt/pico-sdk/src/rp2_common/pico_printf/printf.c.obj
 .text.vfctprintf
                0x0000000010002dac       0x20 CMakeFiles/engine.dir/opt/pico-sdk/src/rp2_common/pico_printf/printf.c.obj
                0x0000000010002dac                vfctprintf
 .text          0x0000000010002dcc       0x10 CMakeFiles/engine.dir/opt/pico-sdk/src/rp2_common/pico_bit_ops/bit_ops_aeabi.S.obj
 .text.rom_func_lookup
                0x0000000010002ddc       0x10 CMakeFiles/engine.dir/opt/pico-sdk/src/rp2_common/pico_bootrom/bootrom.c.obj
                0x0000000010002ddc                rom_func_lookup
 .text.rom_data_lookup
                0x0000000010002dec       0x10 CMakeFiles/engine.dir/opt/pico-sdk/src/rp2_common/pico_bootrom/bootrom.c.obj
                0x0000000010002dec                rom_data_lookup
 .text.rom_funcs_lookup
                0x0000000010002dfc       0x36 CMakeFiles/engine.dir/opt/pico-sdk/src/rp2_common/pico_bootrom/bootrom.c.obj
                0x0000000010002dfc                rom_funcs_lookup
 *fill*         0x0000000010002e32        0x2 
 .text.__wrap___aeabi_idiv
                0x0000000010002e34       0x50 CMakeFiles/engine.dir/opt/pico-sdk/src/rp2_common/pico_divider/divider.S.obj
                0x0000000010002e34                __wrap___aeabi_idivmod
                0x0000000010002e34                divmod_s32s32
                0x0000000010002e34                div_s32s32
                0x0000000010002e34                __wrap___aeabi_idiv
                0x0000000010002e3c                divmod_s32s32_unsafe
                0x0000000010002e68                divmod_s32s32_savestate
 .text.__wrap___aeabi_uidiv
                0x0000000010002e84       0x4c CMakeFiles/engine.dir/opt/pico-sdk/src/rp2_common/pico_divider/divider.S.obj
                0x0000000010002e84                __wrap___aeabi_uidiv
                0x0000000010002e84                __wrap___aeabi_uidivmod
                0x0000000010002e84                div_u32u32
                0x0000000010002e84                divmod_u32u32
                0x0000000010002e8c                divmod_u32u32_unsafe
                0x0000000010002eb4                divmod_u32u32_savestate
 .text.__wrap___aeabi_ldiv
                0x0000000010002ed0      0x434 CMakeFiles/engine.dir/opt/pico-sdk/src/rp2_common/pico_divider/divider.S.obj
                0x0000000010002ed0                div_s64s64
                0x0000000010002ed0                divmod_s64s64
                0x0000000010002ed0                __wrap___aeabi_ldivmod
                0x0000000010002f08                div_u64u64
                0x0000000010002f08                divmod_u64u64
                0x0000000010002f08                __wrap___aeabi_uldivmod
                0x0000000010002f18                divmod_u64u64_savestate
                0x0000000010002f40                divmod_s64s64_unsafe
                0x0000000010002fc8                divmod_u64u64_unsafe
 .text.__wrap___aeabi_darithmetic
                0x0000000010003304       0x80 CMakeFiles/engine.dir/opt/pico-sdk/src/rp2_common/pico_double/double_aeabi.S.obj
                0x0000000010003304                __wrap___aeabi_drsub
                0x000000001000330a                __wrap___aeabi_dsub
                0x000000001000331c                __wrap___aeabi_dadd
                0x000000001000332e                __wrap___aeabi_ddiv
                0x000000001000336a                __wrap___aeabi_dmul
 .text.__wrap___aeabi_cdcmple
                0x0000000010003384       0x6c CMakeFiles/engine.dir/opt/pico-sdk/src/rp2_common/pico_double/double_aeabi.S.obj
                0x0000000010003384                __wrap___aeabi_cdrcmple
                0x0000000010003394                __wrap___aeabi_cdcmple
                0x0000000010003394                __wrap___aeabi_cdcmpeq
 .text.__wrap___aeabi_dcmplt
                0x00000000100033f0        0xc CMakeFiles/engine.dir/opt/pico-sdk/src/rp2_common/pico_double/double_aeabi.S.obj
                0x00000000100033f0                __wrap___aeabi_dcmplt
 .text.__wrap___aeabi_dcmple
                0x00000000100033fc       0x10 CMakeFiles/engine.dir/opt/pico-sdk/src/rp2_common/pico_double/double_aeabi.S.obj
                0x00000000100033fc                __wrap___aeabi_dcmple
 .text.__wrap___aeabi_dcmpge
                0x000000001000340c       0x10 CMakeFiles/engine.dir/opt/pico-sdk/src/rp2_common/pico_double/double_aeabi.S.obj
                0x000000001000340c                __wrap___aeabi_dcmpge
 .text.__wrap___aeabi_dcmpgt
                0x000000001000341c        0xa CMakeFiles/engine.dir/opt/pico-sdk/src/rp2_common/pico_double/double_aeabi.S.obj
                0x000000001000341c                __wrap___aeabi_dcmpgt
 .text.__wrap___aeabi_dcmpun
                0x0000000010003426       0x1c CMakeFiles/engine.dir/opt/pico-sdk/src/rp2_common/pico_double/double_aeabi.S.obj
                0x0000000010003426                __wrap___aeabi_dcmpun
 *fill*         0x0000000010003442        0x2 
 .text.__wrap___aeabi_i2d
                0x0000000010003444       0x38 CMakeFiles/engine.dir/opt/pico-sdk/src/rp2_common/pico_double/double_aeabi.S.obj
                0x0000000010003444                __wrap___aeabi_ui2d
                0x000000001000344c                __wrap___aeabi_i2d
 .text.__wrap___aeabi_d2iz
                0x000000001000347c       0x48 CMakeFiles/engine.dir/opt/pico-sdk/src/rp2_common/pico_double/double_aeabi.S.obj
                0x000000001000347c                __wrap___aeabi_d2iz
                0x000000001000347c                double2int_z
 .text.__wrap___aeabi_d2uiz
                0x00000000100034c4       0x18 CMakeFiles/engine.dir/opt/pico-sdk/src/rp2_common/pico_double/double_aeabi.S.obj
                0x00000000100034c4                double2uint
                0x00000000100034c4                __wrap___aeabi_d2uiz
 .text.__aeabi_double_init
                0x00000000100034dc       0xcc CMakeFiles/engine.dir/opt/pico-sdk/src/rp2_common/pico_double/double_init_rom.c.obj
                0x00000000100034dc                __aeabi_double_init
 .text.double_table_shim_on_use_helper
                0x00000000100035a8       0x34 CMakeFiles/engine.dir/opt/pico-sdk/src/rp2_common/pico_double/double_v1_rom_shim.S.obj
                0x00000000100035a8                double_table_shim_on_use_helper
 .text.__wrap___aeabi_dsub
                0x00000000100035dc       0x10 CMakeFiles/engine.dir/opt/pico-sdk/src/rp2_common/pico_double/double_v1_rom_shim.S.obj
                0x00000000100035dc                drsub_shim
                0x00000000100035e2                dsub_shim
 .text.dadd_shim
                0x00000000100035ec      0x15c CMakeFiles/engine.dir/opt/pico-sdk/src/rp2_common/pico_double/double_v1_rom_shim.S.obj
                0x00000000100035ec                dadd_shim
 .text.dmul_shim
                0x0000000010003748      0x15c CMakeFiles/engine.dir/opt/pico-sdk/src/rp2_common/pico_double/double_v1_rom_shim.S.obj
                0x0000000010003748                dmul_shim
 .text.ddiv_shim
                0x00000000100038a4      0x1b0 CMakeFiles/engine.dir/opt/pico-sdk/src/rp2_common/pico_double/double_v1_rom_shim.S.obj
                0x00000000100038a4                ddiv_shim
 .text.double2uint_shim
                0x0000000010003a54        0xe CMakeFiles/engine.dir/opt/pico-sdk/src/rp2_common/pico_double/double_v1_rom_shim.S.obj
                0x0000000010003a54                double2uint_shim
                0x0000000010003a56                double2ufix_shim
 *fill*         0x0000000010003a62        0x2 
 .text.double2uint64_shim
                0x0000000010003a64       0x70 CMakeFiles/engine.dir/opt/pico-sdk/src/rp2_common/pico_double/double_v1_rom_shim.S.obj
                0x0000000010003a64                double2uint64_shim
                0x0000000010003a66                double2ufix64_shim
                0x0000000010003a86                d2fix_a
 .text.dunpacks
                0x0000000010003ad4       0x3c CMakeFiles/engine.dir/opt/pico-sdk/src/rp2_common/pico_double/double_v1_rom_shim.S.obj
                0x0000000010003ad4                dunpacks
 .text.__aeabi_lmul
                0x0000000010003b10       0x32 CMakeFiles/engine.dir/opt/pico-sdk/src/rp2_common/pico_int64_ops/pico_int64_ops_aeabi.S.obj
                0x0000000010003b10                __wrap___aeabi_lmul
 *fill*         0x0000000010003b42        0x2 
 .text.__aeabi_float_init
                0x0000000010003b44       0xfc CMakeFiles/engine.dir/opt/pico-sdk/src/rp2_common/pico_float/float_init_rom.c.obj
                0x0000000010003b44                __aeabi_float_init
 .text.float_table_shim_on_use_helper
                0x0000000010003c40       0x34 CMakeFiles/engine.dir/opt/pico-sdk/src/rp2_common/pico_float/float_v1_rom_shim.S.obj
                0x0000000010003c40                float_table_shim_on_use_helper
 .text          0x0000000010003c74       0x10 CMakeFiles/engine.dir/opt/pico-sdk/src/rp2_common/pico_mem_ops/mem_ops_aeabi.S.obj
                0x0000000010003c74                __aeabi_mem_init
 .text.memset   0x0000000010003c84        0xc CMakeFiles/engine.dir/opt/pico-sdk/src/rp2_common/pico_mem_ops/mem_ops_aeabi.S.obj
                0x0000000010003c84                __wrap_memset
 .text.memcpy   0x0000000010003c90        0xc CMakeFiles/engine.dir/opt/pico-sdk/src/rp2_common/pico_mem_ops/mem_ops_aeabi.S.obj
                0x0000000010003c90                __wrap___aeabi_memcpy
                0x0000000010003c90                __wrap_memcpy
 .text.stdio_out_chars_no_crlf
                0x0000000010003c9c        0xe CMakeFiles/engine.dir/opt/pico-sdk/src/rp2_common/pico_stdio/stdio.c.obj
 *fill*         0x0000000010003caa        0x2 
 .text.stdio_out_chars_crlf
                0x0000000010003cac       0x80 CMakeFiles/engine.dir/opt/pico-sdk/src/rp2_common/pico_stdio/stdio.c.obj
 .text.stdio_stack_buffer_flush
                0x0000000010003d2c       0x44 CMakeFiles/engine.dir/opt/pico-sdk/src/rp2_common/pico_stdio/stdio.c.obj
 .text.stdio_buffered_printer
                0x0000000010003d70       0x20 CMakeFiles/engine.dir/opt/pico-sdk/src/rp2_common/pico_stdio/stdio.c.obj
 .text.stdout_serialize_begin
                0x0000000010003d90       0x30 CMakeFiles/engine.dir/opt/pico-sdk/src/rp2_common/pico_stdio/stdio.c.obj
                0x0000000010003d90                stdout_serialize_begin
 .text.stdout_serialize_end
                0x0000000010003dc0       0x10 CMakeFiles/engine.dir/opt/pico-sdk/src/rp2_common/pico_stdio/stdio.c.obj
                0x0000000010003dc0                stdout_serialize_end
 .text.stdio_put_string
                0x0000000010003dd0       0x98 CMakeFiles/engine.dir/opt/pico-sdk/src/rp2_common/pico_stdio/stdio.c.obj
 .text.stdio_flush
                0x0000000010003e68       0x20 CMakeFiles/engine.dir/opt/pico-sdk/src/rp2_common/pico_stdio/stdio.c.obj
                0x0000000010003e68                stdio_flush
 .text.__wrap_puts
                0x0000000010003e88       0x1e CMakeFiles/engine.dir/opt/pico-sdk/src/rp2_common/pico_stdio/stdio.c.obj
                0x0000000010003e88                __wrap_puts
 *fill*         0x0000000010003ea6        0x2 
 .text.__wrap_vprintf
                0x0000000010003ea8       0x44 CMakeFiles/engine.dir/opt/pico-sdk/src/rp2_common/pico_stdio/stdio.c.obj
                0x0000000010003ea8                __wrap_vprintf
 .text.__wrap_printf
                0x0000000010003eec       0x18 CMakeFiles/engine.dir/opt/pico-sdk/src/rp2_common/pico_stdio/stdio.c.obj
                0x0000000010003eec                __wrap_printf
 .text.stdio_init_all
                0x0000000010003f04        0x2 CMakeFiles/engine.dir/opt/pico-sdk/src/rp2_common/pico_stdio/stdio.c.obj
                0x0000000010003f04                stdio_init_all
 *fill*         0x0000000010003f06        0x2 
 .text.atexit   0x0000000010003f08       0x10 /usr/lib/gcc/arm-none-eabi/12.2.0/../../../../arm-none-eabi/lib/thumb/v6-m/nofp/libg.a(lib_a-atexit.o)
                0x0000000010003f08                atexit
 .text.__libc_fini_array
                0x0000000010003f18       0x28 /usr/lib/gcc/arm-none-eabi/12.2.0/../../../../arm-none-eabi/lib/thumb/v6-m/nofp/libg.a(lib_a-fini.o)
                0x0000000010003f18                __libc_fini_array
 .text.strlen   0x0000000010003f40       0x5c /usr/lib/gcc/arm-none-eabi/12.2.0/../../../../arm-none-eabi/lib/thumb/v6-m/nofp/libg.a(lib_a-strlen-stub.o)
                0x0000000010003f40                strlen
 .text.__register_exitproc
                0x0000000010003f9c       0xac /usr/lib/gcc/arm-none-eabi/12.2.0/../../../../arm-none-eabi/lib/thumb/v6-m/nofp/libg.a(lib_a-__atexit.o)
                0x0000000010003f9c                __register_exitproc
 .text.startup.register_fini
                0x0000000010004048       0x18 /usr/lib/gcc/arm-none-eabi/12.2.0/../../../../arm-none-eabi/lib/thumb/v6-m/nofp/libg.a(lib_a-__call_atexit.o)
 .text.__retarget_lock_acquire_recursive
                0x0000000010004060        0x4 /usr/lib/gcc/arm-none-eabi/12.2.0/../../../../arm-none-eabi/lib/thumb/v6-m/nofp/libg.a(lib_a-lock.o)
                0x0000000010004060                __retarget_lock_acquire_recursive
 .text.__retarget_lock_release_recursive
                0x0000000010004064        0x4 /usr/lib/gcc/arm-none-eabi/12.2.0/../../../../arm-none-eabi/lib/thumb/v6-m/nofp/libg.a(lib_a-lock.o)
                0x0000000010004064                __retarget_lock_release_recursive
 *(.fini)
 .fini          0x0000000010004068        0x4 /usr/lib/gcc/arm-none-eabi/12.2.0/thumb/v6-m/nofp/crti.o
                0x0000000010004068                _fini
 *fill*         0x000000001000406c        0x4 
 .fini.__stub   0x0000000010004070       0x50 linker stubs
 *crtbegin.o(.ctors)
 *crtbegin?.o(.ctors)
 *(EXCLUDE_FILE(*crtend.o *crtend?.o) .ctors)
 *(SORT_BY_NAME(.ctors.*))
 *(.ctors)
 *crtbegin.o(.dtors)
 *crtbegin?.o(.dtors)
 *(EXCLUDE_FILE(*crtend.o *crtend?.o) .dtors)
 *(SORT_BY_NAME(.dtors.*))
 *(.dtors)
 *(.eh_frame*)
 .eh_frame      0x00000000100040c0        0x0 /usr/lib/gcc/arm-none-eabi/12.2.0/thumb/v6-m/nofp/crtbegin.o
                0x00000000100040c0                . = ALIGN (0x4)

.glue_7         0x00000000100040c0        0x0
 .glue_7        0x00000000100040c0        0x0 linker stubs

.glue_7t        0x00000000100040c0        0x0
 .glue_7t       0x00000000100040c0        0x0 linker stubs

.vfp11_veneer   0x00000000100040c0        0x0
 .vfp11_veneer  0x00000000100040c0        0x0 linker stubs

.v4_bx          0x00000000100040c0        0x0
 .v4_bx         0x00000000100040c0        0x0 linker stubs

.iplt           0x00000000100040c0        0x0
 .iplt          0x00000000100040c0        0x0 /usr/lib/gcc/arm-none-eabi/12.2.0/thumb/v6-m/nofp/crtbegin.o

.rodata         0x00000000100040c0      0xd5c
 *(EXCLUDE_FILE(*libm.a: *libc.a:*lib_a-mem*.o *libgcc.a:) .rodata*)
 .rodata.multicore_lockout_start_block_until.str1.4
                0x00000000100040c0       0x50 CMakeFiles/engine.dir/opt/pico-sdk/src/rp2_common/pico_multicore/multicore.c.obj
 .rodata.multicore_launch_core1_with_stack.str1.4
                0x0000000010004110       0x19 CMakeFiles/engine.dir/opt/pico-sdk/src/rp2_common/pico_multicore/multicore.c.obj
 *fill*         0x0000000010004129        0x3 
 .rodata.__func__.2
                0x000000001000412c       0x22 CMakeFiles/engine.dir/opt/pico-sdk/src/rp2_common/pico_multicore/multicore.c.obj
 *fill*         0x000000001000414e        0x2 
 .rodata.get_entry.str1.4
                0x0000000010004150       0x4e CMakeFiles/engine.dir/opt/pico-sdk/src/common/pico_time/time.c.obj
 *fill*         0x000000001000419e        0x2 
 .rodata.update_us_since_boot.str1.4
                0x00000000100041a0       0x54 CMakeFiles/engine.dir/opt/pico-sdk/src/common/pico_time/time.c.obj
 .rodata.ph_get_node.str1.4
                0x00000000100041f4       0x59 CMakeFiles/engine.dir/opt/pico-sdk/src/common/pico_time/time.c.obj
 *fill*         0x000000001000424d        0x3 
 .rodata.ph_add_child_node.str1.4
                0x0000000010004250       0x2e CMakeFiles/engine.dir/opt/pico-sdk/src/common/pico_time/time.c.obj
 *fill*         0x000000001000427e        0x2 
 .rodata.ph_insert_node.str1.4
                0x0000000010004280        0x3 CMakeFiles/engine.dir/opt/pico-sdk/src/common/pico_time/time.c.obj
 *fill*         0x0000000010004283        0x1 
 .rodata.ph_free_node.str1.4
                0x0000000010004284       0x22 CMakeFiles/engine.dir/opt/pico-sdk/src/common/pico_time/time.c.obj
 *fill*         0x00000000100042a6        0x2 
 .rodata.add_alarm_under_lock.str1.4
                0x00000000100042a8       0x28 CMakeFiles/engine.dir/opt/pico-sdk/src/common/pico_time/time.c.obj
 .rodata.alarm_pool_alarm_callback.str1.4
                0x00000000100042d0       0x60 CMakeFiles/engine.dir/opt/pico-sdk/src/common/pico_time/time.c.obj
 .rodata.alarm_pool_get_default.str1.4
                0x0000000010004330       0x21 CMakeFiles/engine.dir/opt/pico-sdk/src/common/pico_time/time.c.obj
 *fill*         0x0000000010004351        0x3 
 .rodata.sleep_until.str1.4
                0x0000000010004354       0x4d CMakeFiles/engine.dir/opt/pico-sdk/src/common/pico_time/time.c.obj
 *fill*         0x00000000100043a1        0x3 
 .rodata.__func__.3
                0x00000000100043a4       0x17 CMakeFiles/engine.dir/opt/pico-sdk/src/common/pico_time/time.c.obj
 *fill*         0x00000000100043bb        0x1 
 .rodata.__func__.4
                0x00000000100043bc       0x12 CMakeFiles/engine.dir/opt/pico-sdk/src/common/pico_time/time.c.obj
 *fill*         0x00000000100043ce        0x2 
 .rodata.__func__.5
                0x00000000100043d0        0xd CMakeFiles/engine.dir/opt/pico-sdk/src/common/pico_time/time.c.obj
 *fill*         0x00000000100043dd        0x3 
 .rodata.__func__.6
                0x00000000100043e0       0x12 CMakeFiles/engine.dir/opt/pico-sdk/src/common/pico_time/time.c.obj
 *fill*         0x00000000100043f2        0x2 
 .rodata.__func__.7
                0x00000000100043f4        0xf CMakeFiles/engine.dir/opt/pico-sdk/src/common/pico_time/time.c.obj
 *fill*         0x0000000010004403        0x1 
 .rodata.__func__.8
                0x0000000010004404        0xc CMakeFiles/engine.dir/opt/pico-sdk/src/common/pico_time/time.c.obj
 .rodata.__func__.9
                0x0000000010004410       0x15 CMakeFiles/engine.dir/opt/pico-sdk/src/common/pico_time/time.c.obj
 *fill*         0x0000000010004425        0x3 
 .rodata.__func__.10
                0x0000000010004428       0x15 CMakeFiles/engine.dir/opt/pico-sdk/src/common/pico_time/time.c.obj
 *fill*         0x000000001000443d        0x3 
 .rodata.__func__.11
                0x0000000010004440       0x1a CMakeFiles/engine.dir/opt/pico-sdk/src/common/pico_time/time.c.obj
 *fill*         0x000000001000445a        0x2 
 .rodata.__func__.12
                0x000000001000445c        0xa CMakeFiles/engine.dir/opt/pico-sdk/src/common/pico_time/time.c.obj
 *fill*         0x0000000010004466        0x2 
 .rodata.hardware_alarm_claim.str1.4
                0x0000000010004468       0x22 CMakeFiles/engine.dir/opt/pico-sdk/src/rp2_common/hardware_timer/timer.c.obj
 *fill*         0x000000001000448a        0x2 
 .rodata.hardware_alarm_set_target.str1.4
                0x000000001000448c       0x58 CMakeFiles/engine.dir/opt/pico-sdk/src/rp2_common/hardware_timer/timer.c.obj
 .rodata.__func__.0
                0x00000000100044e4       0x1a CMakeFiles/engine.dir/opt/pico-sdk/src/rp2_common/hardware_timer/timer.c.obj
 .rodata.ph_get_node.str1.4
                0x00000000100044fe       0x59 CMakeFiles/engine.dir/opt/pico-sdk/src/common/pico_util/pheap.c.obj
 .rodata.ph_add_child_node.str1.4
                0x00000000100044fe       0x2e CMakeFiles/engine.dir/opt/pico-sdk/src/common/pico_util/pheap.c.obj
 *fill*         0x00000000100044fe        0x2 
 .rodata.ph_remove_any_head.str1.4
                0x0000000010004500       0x80 CMakeFiles/engine.dir/opt/pico-sdk/src/common/pico_util/pheap.c.obj
 .rodata.ph_remove_and_free_node.str1.4
                0x0000000010004580       0x26 CMakeFiles/engine.dir/opt/pico-sdk/src/common/pico_util/pheap.c.obj
 *fill*         0x00000000100045a6        0x2 
 .rodata.__func__.0
                0x00000000100045a8       0x18 CMakeFiles/engine.dir/opt/pico-sdk/src/common/pico_util/pheap.c.obj
 .rodata.__func__.1
                0x00000000100045c0       0x13 CMakeFiles/engine.dir/opt/pico-sdk/src/common/pico_util/pheap.c.obj
 *fill*         0x00000000100045d3        0x1 
 .rodata.__func__.2
                0x00000000100045d4       0x12 CMakeFiles/engine.dir/opt/pico-sdk/src/common/pico_util/pheap.c.obj
 *fill*         0x00000000100045e6        0x2 
 .rodata.__func__.3
                0x00000000100045e8        0xc CMakeFiles/engine.dir/opt/pico-sdk/src/common/pico_util/pheap.c.obj
 .rodata.str1.4
                0x00000000100045f4       0x7d CMakeFiles/engine.dir/opt/pico-sdk/src/common/pico_sync/mutex.c.obj
 *fill*         0x0000000010004671        0x3 
 .rodata.__func__.1
                0x0000000010004674        0xb CMakeFiles/engine.dir/opt/pico-sdk/src/common/pico_sync/mutex.c.obj
 *fill*         0x000000001000467f        0x1 
 .rodata.resolve_branch.str1.4
                0x0000000010004680       0x48 CMakeFiles/engine.dir/opt/pico-sdk/src/rp2_common/hardware_irq/irq.c.obj
 .rodata.make_branch.str1.4
                0x00000000100046c8       0x30 CMakeFiles/engine.dir/opt/pico-sdk/src/rp2_common/hardware_irq/irq.c.obj
 .rodata.insert_branch_and_link.str1.4
                0x00000000100046f8       0x10 CMakeFiles/engine.dir/opt/pico-sdk/src/rp2_common/hardware_irq/irq.c.obj
 .rodata.irq_set_exclusive_handler.str1.4
                0x0000000010004708       0x36 CMakeFiles/engine.dir/opt/pico-sdk/src/rp2_common/hardware_irq/irq.c.obj
 *fill*         0x000000001000473e        0x2 
 .rodata.irq_remove_handler.str1.4
                0x0000000010004740       0x2a CMakeFiles/engine.dir/opt/pico-sdk/src/rp2_common/hardware_irq/irq.c.obj
 *fill*         0x000000001000476a        0x2 
 .rodata.irq_add_tail_to_free_list.str1.4
                0x000000001000476c       0x32 CMakeFiles/engine.dir/opt/pico-sdk/src/rp2_common/hardware_irq/irq.c.obj
                                         0x3a (size before relaxing)
 *fill*         0x000000001000479e        0x2 
 .rodata.__func__.0
                0x00000000100047a0       0x1a CMakeFiles/engine.dir/opt/pico-sdk/src/rp2_common/hardware_irq/irq.c.obj
 *fill*         0x00000000100047ba        0x2 
 .rodata.__func__.1
                0x00000000100047bc       0x17 CMakeFiles/engine.dir/opt/pico-sdk/src/rp2_common/hardware_irq/irq.c.obj
 *fill*         0x00000000100047d3        0x1 
 .rodata.__func__.2
                0x00000000100047d4       0x13 CMakeFiles/engine.dir/opt/pico-sdk/src/rp2_common/hardware_irq/irq.c.obj
 *fill*         0x00000000100047e7        0x1 
 .rodata.__func__.3
                0x00000000100047e8        0xc CMakeFiles/engine.dir/opt/pico-sdk/src/rp2_common/hardware_irq/irq.c.obj
 .rodata.__func__.4
                0x00000000100047f4        0xf CMakeFiles/engine.dir/opt/pico-sdk/src/rp2_common/hardware_irq/irq.c.obj
 *fill*         0x0000000010004803        0x1 
 .rodata.__func__.6
                0x0000000010004804       0x1a CMakeFiles/engine.dir/opt/pico-sdk/src/rp2_common/hardware_irq/irq.c.obj
 *fill*         0x000000001000481e        0x2 
 .rodata.__assert_func.str1.4
                0x0000000010004820       0x3f CMakeFiles/engine.dir/opt/pico-sdk/src/rp2_common/pico_runtime/runtime.c.obj
                                         0x43 (size before relaxing)
 *fill*         0x000000001000485f        0x1 
 .rodata.runtime_init.str1.4
                0x0000000010004860       0x54 CMakeFiles/engine.dir/opt/pico-sdk/src/rp2_common/pico_runtime/runtime.c.obj
 .rodata.panic.str1.4
                0x00000000100048b4       0x12 CMakeFiles/engine.dir/opt/pico-sdk/src/rp2_common/pico_runtime/runtime.c.obj
 *fill*         0x00000000100048c6        0x2 
 .rodata.__func__.1
                0x00000000100048c8        0xd CMakeFiles/engine.dir/opt/pico-sdk/src/rp2_common/pico_runtime/runtime.c.obj
 *fill*         0x00000000100048d5        0x3 
 .rodata.clock_configure.str1.4
                0x00000000100048d8       0x4a CMakeFiles/engine.dir/opt/pico-sdk/src/rp2_common/hardware_clocks/clocks.c.obj
 *fill*         0x0000000010004922        0x2 
 .rodata.__func__.1
                0x0000000010004924       0x10 CMakeFiles/engine.dir/opt/pico-sdk/src/rp2_common/hardware_clocks/clocks.c.obj
 .rodata.pll_init.str1.4
                0x0000000010004934      0x12b CMakeFiles/engine.dir/opt/pico-sdk/src/rp2_common/hardware_pll/pll.c.obj
 *fill*         0x0000000010004a5f        0x1 
 .rodata.__func__.0
                0x0000000010004a60        0x9 CMakeFiles/engine.dir/opt/pico-sdk/src/rp2_common/hardware_pll/pll.c.obj
 *fill*         0x0000000010004a69        0x3 
 .rodata._ftoa.str1.4
                0x0000000010004a6c       0x15 CMakeFiles/engine.dir/opt/pico-sdk/src/rp2_common/pico_printf/printf.c.obj
 *fill*         0x0000000010004a81        0x3 
 .rodata._vsnprintf
                0x0000000010004a84      0x19c CMakeFiles/engine.dir/opt/pico-sdk/src/rp2_common/pico_printf/printf.c.obj
 .rodata.pow10.0
                0x0000000010004c20       0x50 CMakeFiles/engine.dir/opt/pico-sdk/src/rp2_common/pico_printf/printf.c.obj
 .rodata.__aeabi_double_init.str1.4
                0x0000000010004c70       0x9b CMakeFiles/engine.dir/opt/pico-sdk/src/rp2_common/pico_double/double_init_rom.c.obj
 *fill*         0x0000000010004d0b        0x1 
 .rodata.__func__.0
                0x0000000010004d0c       0x14 CMakeFiles/engine.dir/opt/pico-sdk/src/rp2_common/pico_double/double_init_rom.c.obj
 .rodata.__aeabi_float_init.str1.4
                0x0000000010004d20       0x6d CMakeFiles/engine.dir/opt/pico-sdk/src/rp2_common/pico_float/float_init_rom.c.obj
                                         0x71 (size before relaxing)
 *fill*         0x0000000010004d8d        0x3 
 .rodata.__func__.0
                0x0000000010004d90       0x13 CMakeFiles/engine.dir/opt/pico-sdk/src/rp2_common/pico_float/float_init_rom.c.obj
 *fill*         0x0000000010004da3        0x1 
 .rodata.str1.4
                0x0000000010004da4       0x40 CMakeFiles/engine.dir/opt/pico-sdk/src/rp2_common/pico_standard_link/binary_info.c.obj
 .rodata.__bi_81
                0x0000000010004de4        0xc CMakeFiles/engine.dir/opt/pico-sdk/src/rp2_common/pico_standard_link/binary_info.c.obj
 .rodata.__bi_75
                0x0000000010004df0        0xc CMakeFiles/engine.dir/opt/pico-sdk/src/rp2_common/pico_standard_link/binary_info.c.obj
 .rodata.__bi_56
                0x0000000010004dfc        0xc CMakeFiles/engine.dir/opt/pico-sdk/src/rp2_common/pico_standard_link/binary_info.c.obj
 .rodata.__bi_44
                0x0000000010004e08        0xc CMakeFiles/engine.dir/opt/pico-sdk/src/rp2_common/pico_standard_link/binary_info.c.obj
 .rodata.crlf_str.3
                0x0000000010004e14        0x2 CMakeFiles/engine.dir/opt/pico-sdk/src/rp2_common/pico_stdio/stdio.c.obj
 *fill*         0x0000000010004e16        0x2 
 .rodata._global_impure_ptr
                0x0000000010004e18        0x4 /usr/lib/gcc/arm-none-eabi/12.2.0/../../../../arm-none-eabi/lib/thumb/v6-m/nofp/libg.a(lib_a-impure.o)
                0x0000000010004e18                _global_impure_ptr
                0x0000000010004e1c                . = ALIGN (0x4)
 *(SORT_BY_ALIGNMENT(SORT_BY_NAME(.flashdata*)))
                0x0000000010004e1c                . = ALIGN (0x4)

.rel.dyn        0x0000000010004e1c        0x0
 .rel.iplt      0x0000000010004e1c        0x0 /usr/lib/gcc/arm-none-eabi/12.2.0/thumb/v6-m/nofp/crtbegin.o

.ARM.extab
 *(.ARM.extab* .gnu.linkonce.armextab.*)
                0x0000000010004e1c                __exidx_start = .

.ARM.exidx
 *(.ARM.exidx* .gnu.linkonce.armexidx.*)
                0x0000000010004e1c                __exidx_end = .
                0x0000000010004e1c                . = ALIGN (0x4)
                0x0000000010004e1c                __binary_info_start = .

.binary_info    0x0000000010004e1c       0x20
 *(.binary_info.keep.*)
 .binary_info.keep.__bi_ptr81
                0x0000000010004e1c        0x4 CMakeFiles/engine.dir/opt/pico-sdk/src/rp2_common/pico_standard_link/binary_info.c.obj
 .binary_info.keep.__bi_ptr75
                0x0000000010004e20        0x4 CMakeFiles/engine.dir/opt/pico-sdk/src/rp2_common/pico_standard_link/binary_info.c.obj
 .binary_info.keep.__bi_ptr56
                0x0000000010004e24        0x4 CMakeFiles/engine.dir/opt/pico-sdk/src/rp2_common/pico_standard_link/binary_info.c.obj
 .binary_info.keep.__bi_ptr50
                0x0000000010004e28        0x4 CMakeFiles/engine.dir/opt/pico-sdk/src/rp2_common/pico_standard_link/binary_info.c.obj
 .binary_info.keep.__bi_ptr44
                0x0000000010004e2c        0x4 CMakeFiles/engine.dir/opt/pico-sdk/src/rp2_common/pico_standard_link/binary_info.c.obj
 .binary_info.keep.__bi_ptr38
                0x0000000010004e30        0x4 CMakeFiles/engine.dir/opt/pico-sdk/src/rp2_common/pico_standard_link/binary_info.c.obj
 .binary_info.keep.__bi_ptr30
                0x0000000010004e34        0x4 CMakeFiles/engine.dir/opt/pico-sdk/src/rp2_common/pico_standard_link/binary_info.c.obj
 .binary_info.keep.__bi_ptr22
                0x0000000010004e38        0x4 CMakeFiles/engine.dir/opt/pico-sdk/src/rp2_common/pico_standard_link/binary_info.c.obj
 *(.binary_info.*)
                0x0000000010004e3c                __binary_info_end = .
                0x0000000010004e3c                . = ALIGN (0x4)
                0x0000000010004e3c                __etext = .

.ram_vector_table
                0x0000000020000000       0xc0
 *(.ram_vector_table)
 .ram_vector_table
                0x0000000020000000       0xc0 CMakeFiles/engine.dir/opt/pico-sdk/src/rp2_common/pico_runtime/runtime.c.obj
                0x0000000020000000                ram_vector_table

.data           0x00000000200000c0      0x5e4 load address 0x0000000010004e3c
                0x00000000200000c0                __data_start__ = .
 *(vtable)
 *(.time_critical*)
 .time_critical.mutex_enter_blocking
                0x00000000200000c0       0x48 CMakeFiles/engine.dir/opt/pico-sdk/src/common/pico_sync/mutex.c.obj
                0x00000000200000c0                mutex_enter_blocking
 .time_critical.mutex_try_enter
                0x0000000020000108       0x46 CMakeFiles/engine.dir/opt/pico-sdk/src/common/pico_sync/mutex.c.obj
                0x0000000020000108                mutex_try_enter
 *fill*         0x000000002000014e        0x2 
 .time_critical.mutex_exit
                0x0000000020000150       0x4c CMakeFiles/engine.dir/opt/pico-sdk/src/common/pico_sync/mutex.c.obj
                0x0000000020000150                mutex_exit
 *(.text*)
 .text          0x000000002000019c        0x4 /usr/lib/gcc/arm-none-eabi/12.2.0/thumb/v6-m/nofp/libgcc.a(_dvmd_tls.o)
                0x000000002000019c                __aeabi_ldiv0
                0x000000002000019c                __aeabi_idiv0
 .text.__stub   0x00000000200001a0       0x10 linker stubs
                0x00000000200001b0                . = ALIGN (0x4)
 *(.rodata*)
                0x00000000200001b0                . = ALIGN (0x4)
 *(.data*)
 .data.striped_spin_lock_num
                0x00000000200001b0        0x1 CMakeFiles/engine.dir/opt/pico-sdk/src/rp2_common/hardware_sync/sync.c.obj
 *fill*         0x00000000200001b1        0x3 
 .data.default_alarm_pool
                0x00000000200001b4       0x18 CMakeFiles/engine.dir/opt/pico-sdk/src/common/pico_time/time.c.obj
 .data.default_alarm_pool_heap
                0x00000000200001cc       0x10 CMakeFiles/engine.dir/opt/pico-sdk/src/common/pico_time/time.c.obj
 .data          0x00000000200001dc       0x48 CMakeFiles/engine.dir/opt/pico-sdk/src/rp2_common/hardware_irq/irq_handler_chain.S.obj
                0x00000000200001dc                irq_handler_chain_slots
                0x000000002000020c                irq_handler_chain_first_slot
                0x0000000020000216                irq_handler_chain_remove_tail
 *fill*         0x0000000020000224        0xc 
 .data.aeabi_bits_funcs
                0x0000000020000230       0x10 CMakeFiles/engine.dir/opt/pico-sdk/src/rp2_common/pico_bit_ops/bit_ops_aeabi.S.obj
                0x0000000020000230                aeabi_bits_funcs
                0x0000000020000240                aeabi_bits_funcs_end
 .data.aeabi_mem_funcs
                0x0000000020000240       0x10 CMakeFiles/engine.dir/opt/pico-sdk/src/rp2_common/pico_mem_ops/mem_ops_aeabi.S.obj
                0x0000000020000240                aeabi_mem_funcs
                0x0000000020000250                aeabi_mem_funcs_end
 .data.impure_data
                0x0000000020000250      0x428 /usr/lib/gcc/arm-none-eabi/12.2.0/../../../../arm-none-eabi/lib/thumb/v6-m/nofp/libg.a(lib_a-impure.o)
 .data.__atexit_recursive_mutex
                0x0000000020000678        0x4 /usr/lib/gcc/arm-none-eabi/12.2.0/../../../../arm-none-eabi/lib/thumb/v6-m/nofp/libg.a(lib_a-__call_atexit.o)
                0x0000000020000678                __atexit_recursive_mutex
                0x000000002000067c                . = ALIGN (0x4)
 *(.after_data.*)
                0x000000002000067c                . = ALIGN (0x4)
                0x000000002000067c                PROVIDE (__mutex_array_start = .)
 *(SORT_BY_NAME(.mutex_array.*))
 *(.mutex_array)
 .mutex_array   0x000000002000067c        0x8 CMakeFiles/engine.dir/opt/pico-sdk/src/rp2_common/pico_malloc/pico_malloc.c.obj
 .mutex_array   0x0000000020000684        0x8 CMakeFiles/engine.dir/opt/pico-sdk/src/rp2_common/pico_stdio/stdio.c.obj
                0x000000002000068c                PROVIDE (__mutex_array_end = .)
                0x000000002000068c                . = ALIGN (0x4)
                0x000000002000068c                PROVIDE (__preinit_array_start = .)
 *(SORT_BY_NAME(.preinit_array.*))
 .preinit_array.00001
                0x000000002000068c        0x4 CMakeFiles/engine.dir/opt/pico-sdk/src/rp2_common/pico_mem_ops/mem_ops_aeabi.S.obj
 .preinit_array.00010
                0x0000000020000690        0x4 CMakeFiles/engine.dir/opt/pico-sdk/src/rp2_common/pico_bit_ops/bit_ops_aeabi.S.obj
 .preinit_array.00020
                0x0000000020000694        0x4 CMakeFiles/engine.dir/opt/pico-sdk/src/rp2_common/pico_double/double_aeabi.S.obj
 .preinit_array.00020
                0x0000000020000698        0x4 CMakeFiles/engine.dir/opt/pico-sdk/src/rp2_common/pico_float/float_aeabi.S.obj
 *(.preinit_array)
                0x000000002000069c                PROVIDE (__preinit_array_end = .)
                0x000000002000069c                . = ALIGN (0x4)
                0x000000002000069c                PROVIDE (__init_array_start = .)
 *(SORT_BY_NAME(.init_array.*))
 .init_array.00000
                0x000000002000069c        0x4 /usr/lib/gcc/arm-none-eabi/12.2.0/../../../../arm-none-eabi/lib/thumb/v6-m/nofp/libg.a(lib_a-__call_atexit.o)
 *(.init_array)
 .init_array    0x00000000200006a0        0x4 /usr/lib/gcc/arm-none-eabi/12.2.0/thumb/v6-m/nofp/crtbegin.o
                0x00000000200006a4                PROVIDE (__init_array_end = .)
                0x00000000200006a4                . = ALIGN (0x4)
                0x00000000200006a4                PROVIDE (__fini_array_start = .)
 *(SORT_BY_NAME(.fini_array.*))
 *(.fini_array)
                0x00000000200006a4                PROVIDE (__fini_array_end = .)
 *(.jcr)
                0x00000000200006a4                . = ALIGN (0x4)
                0x00000000200006a4                __data_end__ = .

.igot.plt       0x00000000200006a4        0x0 load address 0x0000000010005420
 .igot.plt      0x00000000200006a4        0x0 /usr/lib/gcc/arm-none-eabi/12.2.0/thumb/v6-m/nofp/crtbegin.o

.uninitialized_data
                0x00000000200006a4        0x0 load address 0x0000000010005420
                0x00000000200006a4                . = ALIGN (0x4)
 *(.uninitialized_data*)

.scratch_x      0x0000000020040000        0x0 load address 0x0000000010005420
                0x0000000020040000                __scratch_x_start__ = .
 *(.scratch_x.*)
                0x0000000020040000                . = ALIGN (0x4)
                0x0000000020040000                __scratch_x_end__ = .
                0x0000000010005420                __scratch_x_source__ = LOADADDR (.scratch_x)

.scratch_y      0x0000000020041000        0x0 load address 0x0000000010005420
                0x0000000020041000                __scratch_y_start__ = .
 *(.scratch_y.*)
                0x0000000020041000                . = ALIGN (0x4)
                0x0000000020041000                __scratch_y_end__ = .
                0x0000000010005420                __scratch_y_source__ = LOADADDR (.scratch_y)

.bss            0x00000000200006a8      0x3c8
                0x00000000200006a8                . = ALIGN (0x4)
                0x00000000200006a8                __bss_start__ = .
 *(SORT_BY_ALIGNMENT(SORT_BY_NAME(.bss*)))
 .bss.default_alarm_pool_entries
                0x00000000200006a8      0x100 CMakeFiles/engine.dir/opt/pico-sdk/src/common/pico_time/time.c.obj
 .bss.__lock___atexit_recursive_mutex
                0x00000000200007a8        0x1 /usr/lib/gcc/arm-none-eabi/12.2.0/../../../../arm-none-eabi/lib/thumb/v6-m/nofp/libg.a(lib_a-lock.o)
                0x00000000200007a8                __lock___atexit_recursive_mutex
 *fill*         0x00000000200007a9        0x3 
 .bss.alarm_callbacks
                0x00000000200007ac       0x10 CMakeFiles/engine.dir/opt/pico-sdk/src/rp2_common/hardware_timer/timer.c.obj
 .bss.configured_freq
                0x00000000200007bc       0x28 CMakeFiles/engine.dir/opt/pico-sdk/src/rp2_common/hardware_clocks/clocks.c.obj
 .bss.default_alarm_pool_entry_ids_high
                0x00000000200007e4       0x10 CMakeFiles/engine.dir/opt/pico-sdk/src/common/pico_time/time.c.obj
 .bss.default_alarm_pool_heap_nodes
                0x00000000200007f4       0x30 CMakeFiles/engine.dir/opt/pico-sdk/src/common/pico_time/time.c.obj
 .bss.drivers   0x0000000020000824        0x4 CMakeFiles/engine.dir/opt/pico-sdk/src/rp2_common/pico_stdio/stdio.c.obj
 .bss.filter    0x0000000020000828        0x4 CMakeFiles/engine.dir/opt/pico-sdk/src/rp2_common/pico_stdio/stdio.c.obj
 .bss.object.0  0x000000002000082c       0x18 /usr/lib/gcc/arm-none-eabi/12.2.0/thumb/v6-m/nofp/crtbegin.o
 .bss.pools     0x0000000020000844       0x10 CMakeFiles/engine.dir/opt/pico-sdk/src/common/pico_time/time.c.obj
 .bss.sd_table  0x0000000020000854      0x100 CMakeFiles/engine.dir/opt/pico-sdk/src/rp2_common/pico_double/double_init_rom.c.obj
                0x0000000020000854                sd_table
 .bss.sf_clz_func
                0x0000000020000954        0x4 CMakeFiles/engine.dir/opt/pico-sdk/src/rp2_common/pico_double/double_init_rom.c.obj
                0x0000000020000954                sf_clz_func
 .bss.sf_table  0x0000000020000958      0x100 CMakeFiles/engine.dir/opt/pico-sdk/src/rp2_common/pico_float/float_init_rom.c.obj
                0x0000000020000958                sf_table
 .bss.sleep_notifier
                0x0000000020000a58        0x4 CMakeFiles/engine.dir/opt/pico-sdk/src/common/pico_time/time.c.obj
 .bss.target_hi
                0x0000000020000a5c       0x10 CMakeFiles/engine.dir/opt/pico-sdk/src/rp2_common/hardware_timer/timer.c.obj
 .bss.claimed   0x0000000020000a6c        0x1 CMakeFiles/engine.dir/opt/pico-sdk/src/rp2_common/hardware_timer/timer.c.obj
 .bss.irq_hander_chain_free_slot_head
                0x0000000020000a6d        0x1 CMakeFiles/engine.dir/opt/pico-sdk/src/rp2_common/hardware_irq/irq.c.obj
 .bss.timer_callbacks_pending
                0x0000000020000a6e        0x1 CMakeFiles/engine.dir/opt/pico-sdk/src/rp2_common/hardware_timer/timer.c.obj
 *(COMMON)
                0x0000000020000a70                . = ALIGN (0x4)
 *fill*         0x0000000020000a6f        0x1 
                0x0000000020000a70                __bss_end__ = .

.heap           0x0000000020000a70      0x800
                0x0000000020000a70                __end__ = .
                0x0000000020000a70                end = __end__
 *(.heap*)
 .heap          0x0000000020000a70      0x800 CMakeFiles/engine.dir/opt/pico-sdk/src/rp2_common/pico_standard_link/crt0.S.obj
                0x0000000020001270                __HeapLimit = .

.stack1_dummy   0x0000000020040000      0x800
 *(.stack1*)
 .stack1        0x0000000020040000      0x800 CMakeFiles/engine.dir/opt/pico-sdk/src/rp2_common/pico_multicore/multicore.c.obj

.stack_dummy    0x0000000020041000      0x800
 *(.stack*)
 .stack         0x0000000020041000      0x800 CMakeFiles/engine.dir/opt/pico-sdk/src/rp2_common/pico_standard_link/crt0.S.obj

.flash_end      0x0000000010005420        0x0
                0x0000000010005420                __flash_binary_end = .
                0x0000000020040000                __StackLimit = (ORIGIN (RAM) + LENGTH (RAM))
                0x0000000020041000                __StackOneTop = (ORIGIN (SCRATCH_X) + LENGTH (SCRATCH_X))
                0x0000000020042000                __StackTop = (ORIGIN (SCRATCH_Y) + LENGTH (SCRATCH_Y))
                0x0000000020040800                __StackOneBottom = (__StackOneTop - SIZEOF (.stack1_dummy))
                0x0000000020041800                __StackBottom = (__StackTop - SIZEOF (.stack_dummy))
                0x0000000020042000                PROVIDE (__stack = __StackTop)
                0x0000000000000001                ASSERT ((__StackLimit >= __HeapLimit), region RAM overflowed)
                0x0000000000000001                ASSERT (((__binary_info_header_end - __logical_binary_start) <= 0x100), Binary info must be in first 256 bytes of the binary)
LOAD CMakeFiles/engine.dir/engine/engine.cpp.obj
LOAD CMakeFiles/engine.dir/opt/pico-sdk/src/rp2_common/pico_multicore/multicore.c.obj
LOAD CMakeFiles/engine.dir/opt/pico-sdk/src/common/pico_sync/sem.c.obj
LOAD CMakeFiles/engine.dir/opt/pico-sdk/src/common/pico_sync/lock_core.c.obj
LOAD CMakeFiles/engine.dir/opt/pico-sdk/src/rp2_common/hardware_sync/sync.c.obj
LOAD CMakeFiles/engine.dir/opt/pico-sdk/src/rp2_common/hardware_claim/claim.c.obj
LOAD CMakeFiles/engine.dir/opt/pico-sdk/src/rp2_common/pico_platform/platform.c.obj
LOAD CMakeFiles/engine.dir/opt/pico-sdk/src/common/pico_time/time.c.obj
LOAD CMakeFiles/engine.dir/opt/pico-sdk/src/common/pico_time/timeout_helper.c.obj
LOAD CMakeFiles/engine.dir/opt/pico-sdk/src/rp2_common/hardware_timer/timer.c.obj
LOAD CMakeFiles/engine.dir/opt/pico-sdk/src/common/pico_util/datetime.c.obj
LOAD CMakeFiles/engine.dir/opt/pico-sdk/src/common/pico_util/pheap.c.obj
LOAD CMakeFiles/engine.dir/opt/pico-sdk/src/common/pico_util/queue.c.obj
LOAD CMakeFiles/engine.dir/opt/pico-sdk/src/common/pico_sync/mutex.c.obj
LOAD CMakeFiles/engine.dir/opt/pico-sdk/src/common/pico_sync/critical_section.c.obj
LOAD CMakeFiles/engine.dir/opt/pico-sdk/src/rp2_common/hardware_irq/irq.c.obj
LOAD CMakeFiles/engine.dir/opt/pico-sdk/src/rp2_common/hardware_irq/irq_handler_chain.S.obj
LOAD CMakeFiles/engine.dir/opt/pico-sdk/src/rp2_common/pico_stdlib/stdlib.c.obj
LOAD CMakeFiles/engine.dir/opt/pico-sdk/src/rp2_common/hardware_gpio/gpio.c.obj
LOAD CMakeFiles/engine.dir/opt/pico-sdk/src/rp2_common/hardware_uart/uart.c.obj
LOAD CMakeFiles/engine.dir/opt/pico-sdk/src/rp2_common/hardware_divider/divider.S.obj
LOAD CMakeFiles/engine.dir/opt/pico-sdk/src/rp2_common/pico_runtime/runtime.c.obj
LOAD CMakeFiles/engine.dir/opt/pico-sdk/src/rp2_common/hardware_clocks/clocks.c.obj
LOAD CMakeFiles/engine.dir/opt/pico-sdk/src/rp2_common/hardware_pll/pll.c.obj
LOAD CMakeFiles/engine.dir/opt/pico-sdk/src/rp2_common/hardware_vreg/vreg.c.obj
LOAD CMakeFiles/engine.dir/opt/pico-sdk/src/rp2_common/hardware_watchdog/watchdog.c.obj
LOAD CMakeFiles/engine.dir/opt/pico-sdk/src/rp2_common/hardware_xosc/xosc.c.obj
LOAD CMakeFiles/engine.dir/opt/pico-sdk/src/rp2_common/pico_printf/printf.c.obj
LOAD CMakeFiles/engine.dir/opt/pico-sdk/src/rp2_common/pico_bit_ops/bit_ops_aeabi.S.obj
LOAD CMakeFiles/engine.dir/opt/pico-sdk/src/rp2_common/pico_bootrom/bootrom.c.obj
LOAD CMakeFiles/engine.dir/opt/pico-sdk/src/rp2_common/pico_divider/divider.S.obj
LOAD CMakeFiles/engine.dir/opt/pico-sdk/src/rp2_common/pico_double/double_aeabi.S.obj
LOAD CMakeFiles/engine.dir/opt/pico-sdk/src/rp2_common/pico_double/double_init_rom.c.obj
LOAD CMakeFiles/engine.dir/opt/pico-sdk/src/rp2_common/pico_double/double_math.c.obj
LOAD CMakeFiles/engine.dir/opt/pico-sdk/src/rp2_common/pico_double/double_v1_rom_shim.S.obj
LOAD CMakeFiles/engine.dir/opt/pico-sdk/src/rp2_common/pico_int64_ops/pico_int64_ops_aeabi.S.obj
LOAD CMakeFiles/engine.dir/opt/pico-sdk/src/rp2_common/pico_float/float_aeabi.S.obj
LOAD CMakeFiles/engine.dir/opt/pico-sdk/src/rp2_common/pico_float/float_init_rom.c.obj
LOAD CMakeFiles/engine.dir/opt/pico-sdk/src/rp2_common/pico_float/float_math.c.obj
LOAD CMakeFiles/engine.dir/opt/pico-sdk/src/rp2_common/pico_float/float_v1_rom_shim.S.obj
LOAD CMakeFiles/engine.dir/opt/pico-sdk/src/rp2_common/pico_malloc/pico_malloc.c.obj
LOAD CMakeFiles/engine.dir/opt/pico-sdk/src/rp2_common/pico_mem_ops/mem_ops_aeabi.S.obj
LOAD CMakeFiles/engine.dir/opt/pico-sdk/src/rp2_common/pico_standard_link/crt0.S.obj
LOAD CMakeFiles/engine.dir/opt/pico-sdk/src/rp2_common/pico_standard_link/new_delete.cpp.obj
LOAD CMakeFiles/engine.dir/opt/pico-sdk/src/rp2_common/pico_standard_link/binary_info.c.obj
LOAD CMakeFiles/engine.dir/opt/pico-sdk/src/rp2_common/pico_stdio/stdio.c.obj
LOAD /tmp/ccvGlS5y.o
LOAD /usr/lib/gcc/arm-none-eabi/12.2.0/../../../../arm-none-eabi/lib/thumb/v6-m/nofp/libstdc++.a
LOAD /usr/lib/gcc/arm-none-eabi/12.2.0/../../../../arm-none-eabi/lib/thumb/v6-m/nofp/libm.a
START GROUP
LOAD /usr/lib/gcc/arm-none-eabi/12.2.0/thumb/v6-m/nofp/libgcc.a
LOAD /usr/lib/gcc/arm-none-eabi/12.2.0/../../../../arm-none-eabi/lib/thumb/v6-m/nofp/libg.a
LOAD /usr/lib/gcc/arm-none-eabi/12.2.0/../../../../arm-none-eabi/lib/thumb/v6-m/nofp/libc.a
END GROUP
START GROUP
LOAD /usr/lib/gcc/arm-none-eabi/12.2.0/thumb/v6-m/nofp/libgcc.a
LOAD /usr/lib/gcc/arm-none-eabi/12.2.0/../../../../arm-none-eabi/lib/thumb/v6-m/nofp/libc.a
LOAD /usr/lib/gcc/arm-none-eabi/12.2.0/../../../../arm-none-eabi/lib/thumb/v6-m/nofp/libnosys.a
END GROUP
LOAD /usr/lib/gcc/arm-none-eabi/12.2.0/thumb/v6-m/nofp/crtend.o
LOAD /usr/lib/gcc/arm-none-eabi/12.2.0/thumb/v6-m/nofp/crtn.o
OUTPUT(engine.elf elf32-littlearm)
LOAD linker stubs

.ARM.attributes
                0x0000000000000000       0x28
 .ARM.attributes
                0x0000000000000000       0x1e /usr/lib/gcc/arm-none-eabi/12.2.0/thumb/v6-m/nofp/crti.o
 .ARM.attributes
                0x000000000000001e       0x2c /usr/lib/gcc/arm-none-eabi/12.2.0/thumb/v6-m/nofp/crtbegin.o
 .ARM.attributes
                0x000000000000004a       0x2c CMakeFiles/engine.dir/engine/engine.cpp.obj
 .ARM.attributes
                0x0000000000000076       0x2c CMakeFiles/engine.dir/opt/pico-sdk/src/rp2_common/pico_multicore/multicore.c.obj
 .ARM.attributes
                0x00000000000000a2       0x2c CMakeFiles/engine.dir/opt/pico-sdk/src/common/pico_sync/lock_core.c.obj
 .ARM.attributes
                0x00000000000000ce       0x2c CMakeFiles/engine.dir/opt/pico-sdk/src/rp2_common/hardware_sync/sync.c.obj
 .ARM.attributes
                0x00000000000000fa       0x2c CMakeFiles/engine.dir/opt/pico-sdk/src/rp2_common/hardware_claim/claim.c.obj
 .ARM.attributes
                0x0000000000000126       0x2c CMakeFiles/engine.dir/opt/pico-sdk/src/rp2_common/pico_platform/platform.c.obj
 .ARM.attributes
                0x0000000000000152       0x2c CMakeFiles/engine.dir/opt/pico-sdk/src/common/pico_time/time.c.obj
 .ARM.attributes
                0x000000000000017e       0x2c CMakeFiles/engine.dir/opt/pico-sdk/src/rp2_common/hardware_timer/timer.c.obj
 .ARM.attributes
                0x00000000000001aa       0x2c CMakeFiles/engine.dir/opt/pico-sdk/src/common/pico_util/pheap.c.obj
 .ARM.attributes
                0x00000000000001d6       0x2c CMakeFiles/engine.dir/opt/pico-sdk/src/common/pico_sync/mutex.c.obj
 .ARM.attributes
                0x0000000000000202       0x2c CMakeFiles/engine.dir/opt/pico-sdk/src/rp2_common/hardware_irq/irq.c.obj
 .ARM.attributes
                0x000000000000022e       0x22 CMakeFiles/engine.dir/opt/pico-sdk/src/rp2_common/hardware_irq/irq_handler_chain.S.obj
 .ARM.attributes
                0x0000000000000250       0x2c CMakeFiles/engine.dir/opt/pico-sdk/src/rp2_common/pico_runtime/runtime.c.obj
 .ARM.attributes
                0x000000000000027c       0x2c CMakeFiles/engine.dir/opt/pico-sdk/src/rp2_common/hardware_clocks/clocks.c.obj
 .ARM.attributes
                0x00000000000002a8       0x2c CMakeFiles/engine.dir/opt/pico-sdk/src/rp2_common/hardware_pll/pll.c.obj
 .ARM.attributes
                0x00000000000002d4       0x2c CMakeFiles/engine.dir/opt/pico-sdk/src/rp2_common/hardware_watchdog/watchdog.c.obj
 .ARM.attributes
                0x0000000000000300       0x2c CMakeFiles/engine.dir/opt/pico-sdk/src/rp2_common/hardware_xosc/xosc.c.obj
 .ARM.attributes
                0x000000000000032c       0x2c CMakeFiles/engine.dir/opt/pico-sdk/src/rp2_common/pico_printf/printf.c.obj
 .ARM.attributes
                0x0000000000000358       0x22 CMakeFiles/engine.dir/opt/pico-sdk/src/rp2_common/pico_bit_ops/bit_ops_aeabi.S.obj
 .ARM.attributes
                0x000000000000037a       0x2c CMakeFiles/engine.dir/opt/pico-sdk/src/rp2_common/pico_bootrom/bootrom.c.obj
 .ARM.attributes
                0x00000000000003a6       0x22 CMakeFiles/engine.dir/opt/pico-sdk/src/rp2_common/pico_divider/divider.S.obj
 .ARM.attributes
                0x00000000000003c8       0x22 CMakeFiles/engine.dir/opt/pico-sdk/src/rp2_common/pico_double/double_aeabi.S.obj
 .ARM.attributes
                0x00000000000003ea       0x2c CMakeFiles/engine.dir/opt/pico-sdk/src/rp2_common/pico_double/double_init_rom.c.obj
 .ARM.attributes
                0x0000000000000416       0x22 CMakeFiles/engine.dir/opt/pico-sdk/src/rp2_common/pico_double/double_v1_rom_shim.S.obj
 .ARM.attributes
                0x0000000000000438       0x22 CMakeFiles/engine.dir/opt/pico-sdk/src/rp2_common/pico_int64_ops/pico_int64_ops_aeabi.S.obj
 .ARM.attributes
                0x000000000000045a       0x22 CMakeFiles/engine.dir/opt/pico-sdk/src/rp2_common/pico_float/float_aeabi.S.obj
 .ARM.attributes
                0x000000000000047c       0x2c CMakeFiles/engine.dir/opt/pico-sdk/src/rp2_common/pico_float/float_init_rom.c.obj
 .ARM.attributes
                0x00000000000004a8       0x22 CMakeFiles/engine.dir/opt/pico-sdk/src/rp2_common/pico_float/float_v1_rom_shim.S.obj
 .ARM.attributes
                0x00000000000004ca       0x2c CMakeFiles/engine.dir/opt/pico-sdk/src/rp2_common/pico_malloc/pico_malloc.c.obj
 .ARM.attributes
                0x00000000000004f6       0x22 CMakeFiles/engine.dir/opt/pico-sdk/src/rp2_common/pico_mem_ops/mem_ops_aeabi.S.obj
 .ARM.attributes
                0x0000000000000518       0x22 CMakeFiles/engine.dir/opt/pico-sdk/src/rp2_common/pico_standard_link/crt0.S.obj
 .ARM.attributes
                0x000000000000053a       0x2c CMakeFiles/engine.dir/opt/pico-sdk/src/rp2_common/pico_standard_link/binary_info.c.obj
 .ARM.attributes
                0x0000000000000566       0x2c CMakeFiles/engine.dir/opt/pico-sdk/src/rp2_common/pico_stdio/stdio.c.obj
 .ARM.attributes
                0x0000000000000592       0x22 /tmp/ccvGlS5y.o
 .ARM.attributes
                0x00000000000005b4       0x1e /usr/lib/gcc/arm-none-eabi/12.2.0/thumb/v6-m/nofp/libgcc.a(_dvmd_tls.o)
 .ARM.attributes
                0x00000000000005d2       0x2c /usr/lib/gcc/arm-none-eabi/12.2.0/../../../../arm-none-eabi/lib/thumb/v6-m/nofp/libg.a(lib_a-atexit.o)
 .ARM.attributes
                0x00000000000005fe       0x2c /usr/lib/gcc/arm-none-eabi/12.2.0/../../../../arm-none-eabi/lib/thumb/v6-m/nofp/libg.a(lib_a-fini.o)
 .ARM.attributes
                0x000000000000062a       0x2c /usr/lib/gcc/arm-none-eabi/12.2.0/../../../../arm-none-eabi/lib/thumb/v6-m/nofp/libg.a(lib_a-impure.o)
 .ARM.attributes
                0x0000000000000656       0x2c /usr/lib/gcc/arm-none-eabi/12.2.0/../../../../arm-none-eabi/lib/thumb/v6-m/nofp/libg.a(lib_a-strlen-stub.o)
 .ARM.attributes
                0x0000000000000682       0x2c /usr/lib/gcc/arm-none-eabi/12.2.0/../../../../arm-none-eabi/lib/thumb/v6-m/nofp/libg.a(lib_a-__atexit.o)
 .ARM.attributes
                0x00000000000006ae       0x2c /usr/lib/gcc/arm-none-eabi/12.2.0/../../../../arm-none-eabi/lib/thumb/v6-m/nofp/libg.a(lib_a-__call_atexit.o)
 .ARM.attributes
                0x00000000000006da       0x2c /usr/lib/gcc/arm-none-eabi/12.2.0/../../../../arm-none-eabi/lib/thumb/v6-m/nofp/libg.a(lib_a-lock.o)

.comment        0x0000000000000000       0x3c
 .comment       0x0000000000000000       0x1e CMakeFiles/engine.dir/engine/engine.cpp.obj
                                         0x1f (size before relaxing)
 .comment       0x000000000000001e       0x1f CMakeFiles/engine.dir/opt/pico-sdk/src/rp2_common/pico_multicore/multicore.c.obj
 .comment       0x000000000000001e       0x1f CMakeFiles/engine.dir/opt/pico-sdk/src/common/pico_sync/lock_core.c.obj
 .comment       0x000000000000001e       0x1f CMakeFiles/engine.dir/opt/pico-sdk/src/rp2_common/hardware_sync/sync.c.obj
 .comment       0x000000000000001e       0x1f CMakeFiles/engine.dir/opt/pico-sdk/src/rp2_common/hardware_claim/claim.c.obj
 .comment       0x000000000000001e       0x1f CMakeFiles/engine.dir/opt/pico-sdk/src/rp2_common/pico_platform/platform.c.obj
 .comment       0x000000000000001e       0x1f CMakeFiles/engine.dir/opt/pico-sdk/src/common/pico_time/time.c.obj
 .comment       0x000000000000001e       0x1f CMakeFiles/engine.dir/opt/pico-sdk/src/rp2_common/hardware_timer/timer.c.obj
 .comment       0x000000000000001e       0x1f CMakeFiles/engine.dir/opt/pico-sdk/src/common/pico_util/pheap.c.obj
 .comment       0x000000000000001e       0x1f CMakeFiles/engine.dir/opt/pico-sdk/src/common/pico_sync/mutex.c.obj
 .comment       0x000000000000001e       0x1f CMakeFiles/engine.dir/opt/pico-sdk/src/rp2_common/hardware_irq/irq.c.obj
 .comment       0x000000000000001e       0x1f CMakeFiles/engine.dir/opt/pico-sdk/src/rp2_common/pico_runtime/runtime.c.obj
 .comment       0x000000000000001e       0x1f CMakeFiles/engine.dir/opt/pico-sdk/src/rp2_common/hardware_clocks/clocks.c.obj
 .comment       0x000000000000001e       0x1f CMakeFiles/engine.dir/opt/pico-sdk/src/rp2_common/hardware_pll/pll.c.obj
 .comment       0x000000000000001e       0x1f CMakeFiles/engine.dir/opt/pico-sdk/src/rp2_common/hardware_watchdog/watchdog.c.obj
 .comment       0x000000000000001e       0x1f CMakeFiles/engine.dir/opt/pico-sdk/src/rp2_common/hardware_xosc/xosc.c.obj
 .comment       0x000000000000001e       0x1f CMakeFiles/engine.dir/opt/pico-sdk/src/rp2_common/pico_printf/printf.c.obj
 .comment       0x000000000000001e       0x1f CMakeFiles/engine.dir/opt/pico-sdk/src/rp2_common/pico_bootrom/bootrom.c.obj
 .comment       0x000000000000001e       0x1f CMakeFiles/engine.dir/opt/pico-sdk/src/rp2_common/pico_double/double_init_rom.c.obj
 .comment       0x000000000000001e       0x1f CMakeFiles/engine.dir/opt/pico-sdk/src/rp2_common/pico_float/float_init_rom.c.obj
 .comment       0x000000000000001e       0x1f CMakeFiles/engine.dir/opt/pico-sdk/src/rp2_common/pico_malloc/pico_malloc.c.obj
 .comment       0x000000000000001e       0x1f CMakeFiles/engine.dir/opt/pico-sdk/src/rp2_common/pico_standard_link/binary_info.c.obj
 .comment       0x000000000000001e       0x1f CMakeFiles/engine.dir/opt/pico-sdk/src/rp2_common/pico_stdio/stdio.c.obj
 .comment       0x000000000000001e       0x1e /usr/lib/gcc/arm-none-eabi/12.2.0/../../../../arm-none-eabi/lib/thumb/v6-m/nofp/libg.a(lib_a-atexit.o)
                                         0x1f (size before relaxing)
 .comment       0x000000000000003c       0x1f /usr/lib/gcc/arm-none-eabi/12.2.0/../../../../arm-none-eabi/lib/thumb/v6-m/nofp/libg.a(lib_a-fini.o)
 .comment       0x000000000000003c       0x1f /usr/lib/gcc/arm-none-eabi/12.2.0/../../../../arm-none-eabi/lib/thumb/v6-m/nofp/libg.a(lib_a-impure.o)
 .comment       0x000000000000003c       0x1f /usr/lib/gcc/arm-none-eabi/12.2.0/../../../../arm-none-eabi/lib/thumb/v6-m/nofp/libg.a(lib_a-strlen-stub.o)
 .comment       0x000000000000003c       0x1f /usr/lib/gcc/arm-none-eabi/12.2.0/../../../../arm-none-eabi/lib/thumb/v6-m/nofp/libg.a(lib_a-__atexit.o)
 .comment       0x000000000000003c       0x1f /usr/lib/gcc/arm-none-eabi/12.2.0/../../../../arm-none-eabi/lib/thumb/v6-m/nofp/libg.a(lib_a-__call_atexit.o)
 .comment       0x000000000000003c       0x1f /usr/lib/gcc/arm-none-eabi/12.2.0/../../../../arm-none-eabi/lib/thumb/v6-m/nofp/libg.a(lib_a-lock.o)

.debug_info     0x0000000000000000    0x1378d
 .debug_info    0x0000000000000000      0x345 CMakeFiles/engine.dir/engine/engine.cpp.obj
 .debug_info    0x0000000000000345     0x16fe CMakeFiles/engine.dir/opt/pico-sdk/src/rp2_common/pico_multicore/multicore.c.obj
 .debug_info    0x0000000000001a43      0x1a3 CMakeFiles/engine.dir/opt/pico-sdk/src/common/pico_sync/lock_core.c.obj
 .debug_info    0x0000000000001be6      0x5db CMakeFiles/engine.dir/opt/pico-sdk/src/rp2_common/hardware_sync/sync.c.obj
 .debug_info    0x00000000000021c1      0x69a CMakeFiles/engine.dir/opt/pico-sdk/src/rp2_common/hardware_claim/claim.c.obj
 .debug_info    0x000000000000285b      0x1fb CMakeFiles/engine.dir/opt/pico-sdk/src/rp2_common/pico_platform/platform.c.obj
 .debug_info    0x0000000000002a56     0x2f53 CMakeFiles/engine.dir/opt/pico-sdk/src/common/pico_time/time.c.obj
 .debug_info    0x00000000000059a9     0x1165 CMakeFiles/engine.dir/opt/pico-sdk/src/rp2_common/hardware_timer/timer.c.obj
 .debug_info    0x0000000000006b0e      0xe34 CMakeFiles/engine.dir/opt/pico-sdk/src/common/pico_util/pheap.c.obj
 .debug_info    0x0000000000007942     0x1c83 CMakeFiles/engine.dir/opt/pico-sdk/src/common/pico_sync/mutex.c.obj
 .debug_info    0x00000000000095c5     0x1bd4 CMakeFiles/engine.dir/opt/pico-sdk/src/rp2_common/hardware_irq/irq.c.obj
 .debug_info    0x000000000000b199      0xa56 CMakeFiles/engine.dir/opt/pico-sdk/src/rp2_common/pico_runtime/runtime.c.obj
 .debug_info    0x000000000000bbef      0xf78 CMakeFiles/engine.dir/opt/pico-sdk/src/rp2_common/hardware_clocks/clocks.c.obj
 .debug_info    0x000000000000cb67      0x534 CMakeFiles/engine.dir/opt/pico-sdk/src/rp2_common/hardware_pll/pll.c.obj
 .debug_info    0x000000000000d09b      0x4c5 CMakeFiles/engine.dir/opt/pico-sdk/src/rp2_common/hardware_watchdog/watchdog.c.obj
 .debug_info    0x000000000000d560      0x1c7 CMakeFiles/engine.dir/opt/pico-sdk/src/rp2_common/hardware_xosc/xosc.c.obj
 .debug_info    0x000000000000d727     0x19a2 CMakeFiles/engine.dir/opt/pico-sdk/src/rp2_common/pico_printf/printf.c.obj
 .debug_info    0x000000000000f0c9       0x23 CMakeFiles/engine.dir/opt/pico-sdk/src/rp2_common/pico_bit_ops/bit_ops_aeabi.S.obj
 .debug_info    0x000000000000f0ec      0x325 CMakeFiles/engine.dir/opt/pico-sdk/src/rp2_common/pico_bootrom/bootrom.c.obj
 .debug_info    0x000000000000f411       0x23 CMakeFiles/engine.dir/opt/pico-sdk/src/rp2_common/pico_divider/divider.S.obj
 .debug_info    0x000000000000f434       0x23 CMakeFiles/engine.dir/opt/pico-sdk/src/rp2_common/pico_double/double_aeabi.S.obj
 .debug_info    0x000000000000f457      0x33b CMakeFiles/engine.dir/opt/pico-sdk/src/rp2_common/pico_double/double_init_rom.c.obj
 .debug_info    0x000000000000f792       0x23 CMakeFiles/engine.dir/opt/pico-sdk/src/rp2_common/pico_double/double_v1_rom_shim.S.obj
 .debug_info    0x000000000000f7b5       0x24 CMakeFiles/engine.dir/opt/pico-sdk/src/rp2_common/pico_int64_ops/pico_int64_ops_aeabi.S.obj
 .debug_info    0x000000000000f7d9       0x23 CMakeFiles/engine.dir/opt/pico-sdk/src/rp2_common/pico_float/float_aeabi.S.obj
 .debug_info    0x000000000000f7fc      0x34f CMakeFiles/engine.dir/opt/pico-sdk/src/rp2_common/pico_float/float_init_rom.c.obj
 .debug_info    0x000000000000fb4b       0x23 CMakeFiles/engine.dir/opt/pico-sdk/src/rp2_common/pico_float/float_v1_rom_shim.S.obj
 .debug_info    0x000000000000fb6e      0x489 CMakeFiles/engine.dir/opt/pico-sdk/src/rp2_common/pico_malloc/pico_malloc.c.obj
 .debug_info    0x000000000000fff7       0x23 CMakeFiles/engine.dir/opt/pico-sdk/src/rp2_common/pico_mem_ops/mem_ops_aeabi.S.obj
 .debug_info    0x000000000001001a       0x23 CMakeFiles/engine.dir/opt/pico-sdk/src/rp2_common/pico_standard_link/crt0.S.obj
 .debug_info    0x000000000001003d      0x2dd CMakeFiles/engine.dir/opt/pico-sdk/src/rp2_common/pico_standard_link/binary_info.c.obj
 .debug_info    0x000000000001031a     0x12a4 CMakeFiles/engine.dir/opt/pico-sdk/src/rp2_common/pico_stdio/stdio.c.obj
 .debug_info    0x00000000000115be       0x39 /usr/lib/gcc/arm-none-eabi/12.2.0/thumb/v6-m/nofp/libgcc.a(_dvmd_tls.o)
 .debug_info    0x00000000000115f7      0x118 /usr/lib/gcc/arm-none-eabi/12.2.0/../../../../arm-none-eabi/lib/thumb/v6-m/nofp/libg.a(lib_a-atexit.o)
 .debug_info    0x000000000001170f       0xf7 /usr/lib/gcc/arm-none-eabi/12.2.0/../../../../arm-none-eabi/lib/thumb/v6-m/nofp/libg.a(lib_a-fini.o)
 .debug_info    0x0000000000011806      0x8c8 /usr/lib/gcc/arm-none-eabi/12.2.0/../../../../arm-none-eabi/lib/thumb/v6-m/nofp/libg.a(lib_a-impure.o)
 .debug_info    0x00000000000120ce       0xeb /usr/lib/gcc/arm-none-eabi/12.2.0/../../../../arm-none-eabi/lib/thumb/v6-m/nofp/libg.a(lib_a-strlen-stub.o)
 .debug_info    0x00000000000121b9      0x999 /usr/lib/gcc/arm-none-eabi/12.2.0/../../../../arm-none-eabi/lib/thumb/v6-m/nofp/libg.a(lib_a-__atexit.o)
 .debug_info    0x0000000000012b52      0xa21 /usr/lib/gcc/arm-none-eabi/12.2.0/../../../../arm-none-eabi/lib/thumb/v6-m/nofp/libg.a(lib_a-__call_atexit.o)
 .debug_info    0x0000000000013573      0x21a /usr/lib/gcc/arm-none-eabi/12.2.0/../../../../arm-none-eabi/lib/thumb/v6-m/nofp/libg.a(lib_a-lock.o)

.debug_abbrev   0x0000000000000000     0x4971
 .debug_abbrev  0x0000000000000000      0x1c8 CMakeFiles/engine.dir/engine/engine.cpp.obj
 .debug_abbrev  0x00000000000001c8      0x47d CMakeFiles/engine.dir/opt/pico-sdk/src/rp2_common/pico_multicore/multicore.c.obj
 .debug_abbrev  0x0000000000000645      0x116 CMakeFiles/engine.dir/opt/pico-sdk/src/common/pico_sync/lock_core.c.obj
 .debug_abbrev  0x000000000000075b      0x249 CMakeFiles/engine.dir/opt/pico-sdk/src/rp2_common/hardware_sync/sync.c.obj
 .debug_abbrev  0x00000000000009a4      0x2d0 CMakeFiles/engine.dir/opt/pico-sdk/src/rp2_common/hardware_claim/claim.c.obj
 .debug_abbrev  0x0000000000000c74       0xf8 CMakeFiles/engine.dir/opt/pico-sdk/src/rp2_common/pico_platform/platform.c.obj
 .debug_abbrev  0x0000000000000d6c      0x5b5 CMakeFiles/engine.dir/opt/pico-sdk/src/common/pico_time/time.c.obj
 .debug_abbrev  0x0000000000001321      0x3bd CMakeFiles/engine.dir/opt/pico-sdk/src/rp2_common/hardware_timer/timer.c.obj
 .debug_abbrev  0x00000000000016de      0x290 CMakeFiles/engine.dir/opt/pico-sdk/src/common/pico_util/pheap.c.obj
 .debug_abbrev  0x000000000000196e      0x3da CMakeFiles/engine.dir/opt/pico-sdk/src/common/pico_sync/mutex.c.obj
 .debug_abbrev  0x0000000000001d48      0x513 CMakeFiles/engine.dir/opt/pico-sdk/src/rp2_common/hardware_irq/irq.c.obj
 .debug_abbrev  0x000000000000225b      0x3e5 CMakeFiles/engine.dir/opt/pico-sdk/src/rp2_common/pico_runtime/runtime.c.obj
 .debug_abbrev  0x0000000000002640      0x415 CMakeFiles/engine.dir/opt/pico-sdk/src/rp2_common/hardware_clocks/clocks.c.obj
 .debug_abbrev  0x0000000000002a55      0x1e7 CMakeFiles/engine.dir/opt/pico-sdk/src/rp2_common/hardware_pll/pll.c.obj
 .debug_abbrev  0x0000000000002c3c      0x1a8 CMakeFiles/engine.dir/opt/pico-sdk/src/rp2_common/hardware_watchdog/watchdog.c.obj
 .debug_abbrev  0x0000000000002de4      0x10c CMakeFiles/engine.dir/opt/pico-sdk/src/rp2_common/hardware_xosc/xosc.c.obj
 .debug_abbrev  0x0000000000002ef0      0x38a CMakeFiles/engine.dir/opt/pico-sdk/src/rp2_common/pico_printf/printf.c.obj
 .debug_abbrev  0x000000000000327a       0x12 CMakeFiles/engine.dir/opt/pico-sdk/src/rp2_common/pico_bit_ops/bit_ops_aeabi.S.obj
 .debug_abbrev  0x000000000000328c      0x167 CMakeFiles/engine.dir/opt/pico-sdk/src/rp2_common/pico_bootrom/bootrom.c.obj
 .debug_abbrev  0x00000000000033f3       0x12 CMakeFiles/engine.dir/opt/pico-sdk/src/rp2_common/pico_divider/divider.S.obj
 .debug_abbrev  0x0000000000003405       0x12 CMakeFiles/engine.dir/opt/pico-sdk/src/rp2_common/pico_double/double_aeabi.S.obj
 .debug_abbrev  0x0000000000003417      0x1c3 CMakeFiles/engine.dir/opt/pico-sdk/src/rp2_common/pico_double/double_init_rom.c.obj
 .debug_abbrev  0x00000000000035da       0x12 CMakeFiles/engine.dir/opt/pico-sdk/src/rp2_common/pico_double/double_v1_rom_shim.S.obj
 .debug_abbrev  0x00000000000035ec       0x14 CMakeFiles/engine.dir/opt/pico-sdk/src/rp2_common/pico_int64_ops/pico_int64_ops_aeabi.S.obj
 .debug_abbrev  0x0000000000003600       0x12 CMakeFiles/engine.dir/opt/pico-sdk/src/rp2_common/pico_float/float_aeabi.S.obj
 .debug_abbrev  0x0000000000003612      0x1c6 CMakeFiles/engine.dir/opt/pico-sdk/src/rp2_common/pico_float/float_init_rom.c.obj
 .debug_abbrev  0x00000000000037d8       0x12 CMakeFiles/engine.dir/opt/pico-sdk/src/rp2_common/pico_float/float_v1_rom_shim.S.obj
 .debug_abbrev  0x00000000000037ea      0x1c4 CMakeFiles/engine.dir/opt/pico-sdk/src/rp2_common/pico_malloc/pico_malloc.c.obj
 .debug_abbrev  0x00000000000039ae       0x12 CMakeFiles/engine.dir/opt/pico-sdk/src/rp2_common/pico_mem_ops/mem_ops_aeabi.S.obj
 .debug_abbrev  0x00000000000039c0       0x12 CMakeFiles/engine.dir/opt/pico-sdk/src/rp2_common/pico_standard_link/crt0.S.obj
 .debug_abbrev  0x00000000000039d2       0xb8 CMakeFiles/engine.dir/opt/pico-sdk/src/rp2_common/pico_standard_link/binary_info.c.obj
 .debug_abbrev  0x0000000000003a8a      0x486 CMakeFiles/engine.dir/opt/pico-sdk/src/rp2_common/pico_stdio/stdio.c.obj
 .debug_abbrev  0x0000000000003f10       0x1f /usr/lib/gcc/arm-none-eabi/12.2.0/thumb/v6-m/nofp/libgcc.a(_dvmd_tls.o)
 .debug_abbrev  0x0000000000003f2f       0xbe /usr/lib/gcc/arm-none-eabi/12.2.0/../../../../arm-none-eabi/lib/thumb/v6-m/nofp/libg.a(lib_a-atexit.o)
 .debug_abbrev  0x0000000000003fed       0xc9 /usr/lib/gcc/arm-none-eabi/12.2.0/../../../../arm-none-eabi/lib/thumb/v6-m/nofp/libg.a(lib_a-fini.o)
 .debug_abbrev  0x00000000000040b6      0x1ca /usr/lib/gcc/arm-none-eabi/12.2.0/../../../../arm-none-eabi/lib/thumb/v6-m/nofp/libg.a(lib_a-impure.o)
 .debug_abbrev  0x0000000000004280       0x90 /usr/lib/gcc/arm-none-eabi/12.2.0/../../../../arm-none-eabi/lib/thumb/v6-m/nofp/libg.a(lib_a-strlen-stub.o)
 .debug_abbrev  0x0000000000004310      0x272 /usr/lib/gcc/arm-none-eabi/12.2.0/../../../../arm-none-eabi/lib/thumb/v6-m/nofp/libg.a(lib_a-__atexit.o)
 .debug_abbrev  0x0000000000004582      0x2da /usr/lib/gcc/arm-none-eabi/12.2.0/../../../../arm-none-eabi/lib/thumb/v6-m/nofp/libg.a(lib_a-__call_atexit.o)
 .debug_abbrev  0x000000000000485c      0x115 /usr/lib/gcc/arm-none-eabi/12.2.0/../../../../arm-none-eabi/lib/thumb/v6-m/nofp/libg.a(lib_a-lock.o)

.debug_loclists
                0x0000000000000000     0x6ba6
 .debug_loclists
                0x0000000000000000       0x38 CMakeFiles/engine.dir/engine/engine.cpp.obj
 .debug_loclists
                0x0000000000000038      0x5c7 CMakeFiles/engine.dir/opt/pico-sdk/src/rp2_common/pico_multicore/multicore.c.obj
 .debug_loclists
                0x00000000000005ff       0x4a CMakeFiles/engine.dir/opt/pico-sdk/src/common/pico_sync/lock_core.c.obj
 .debug_loclists
                0x0000000000000649      0x157 CMakeFiles/engine.dir/opt/pico-sdk/src/rp2_common/hardware_sync/sync.c.obj
 .debug_loclists
                0x00000000000007a0      0x27b CMakeFiles/engine.dir/opt/pico-sdk/src/rp2_common/hardware_claim/claim.c.obj
 .debug_loclists
                0x0000000000000a1b       0x9f CMakeFiles/engine.dir/opt/pico-sdk/src/rp2_common/pico_platform/platform.c.obj
 .debug_loclists
                0x0000000000000aba     0x1140 CMakeFiles/engine.dir/opt/pico-sdk/src/common/pico_time/time.c.obj
 .debug_loclists
                0x0000000000001bfa      0x562 CMakeFiles/engine.dir/opt/pico-sdk/src/rp2_common/hardware_timer/timer.c.obj
 .debug_loclists
                0x000000000000215c      0x68f CMakeFiles/engine.dir/opt/pico-sdk/src/common/pico_util/pheap.c.obj
 .debug_loclists
                0x00000000000027eb      0x944 CMakeFiles/engine.dir/opt/pico-sdk/src/common/pico_sync/mutex.c.obj
 .debug_loclists
                0x000000000000312f      0xc3c CMakeFiles/engine.dir/opt/pico-sdk/src/rp2_common/hardware_irq/irq.c.obj
 .debug_loclists
                0x0000000000003d6b      0x27b CMakeFiles/engine.dir/opt/pico-sdk/src/rp2_common/pico_runtime/runtime.c.obj
 .debug_loclists
                0x0000000000003fe6      0x4d8 CMakeFiles/engine.dir/opt/pico-sdk/src/rp2_common/hardware_clocks/clocks.c.obj
 .debug_loclists
                0x00000000000044be      0x1fb CMakeFiles/engine.dir/opt/pico-sdk/src/rp2_common/hardware_pll/pll.c.obj
 .debug_loclists
                0x00000000000046b9      0x1c7 CMakeFiles/engine.dir/opt/pico-sdk/src/rp2_common/hardware_watchdog/watchdog.c.obj
 .debug_loclists
                0x0000000000004880       0x48 CMakeFiles/engine.dir/opt/pico-sdk/src/rp2_common/hardware_xosc/xosc.c.obj
 .debug_loclists
                0x00000000000048c8     0x1640 CMakeFiles/engine.dir/opt/pico-sdk/src/rp2_common/pico_printf/printf.c.obj
 .debug_loclists
                0x0000000000005f08      0x12f CMakeFiles/engine.dir/opt/pico-sdk/src/rp2_common/pico_bootrom/bootrom.c.obj
 .debug_loclists
                0x0000000000006037       0x41 CMakeFiles/engine.dir/opt/pico-sdk/src/rp2_common/pico_double/double_init_rom.c.obj
 .debug_loclists
                0x0000000000006078       0x4f CMakeFiles/engine.dir/opt/pico-sdk/src/rp2_common/pico_float/float_init_rom.c.obj
 .debug_loclists
                0x00000000000060c7      0x13f CMakeFiles/engine.dir/opt/pico-sdk/src/rp2_common/pico_malloc/pico_malloc.c.obj
 .debug_loclists
                0x0000000000006206      0x691 CMakeFiles/engine.dir/opt/pico-sdk/src/rp2_common/pico_stdio/stdio.c.obj
 .debug_loclists
                0x0000000000006897       0x2a /usr/lib/gcc/arm-none-eabi/12.2.0/../../../../arm-none-eabi/lib/thumb/v6-m/nofp/libg.a(lib_a-atexit.o)
 .debug_loclists
                0x00000000000068c1       0x34 /usr/lib/gcc/arm-none-eabi/12.2.0/../../../../arm-none-eabi/lib/thumb/v6-m/nofp/libg.a(lib_a-fini.o)
 .debug_loclists
                0x00000000000068f5       0x5e /usr/lib/gcc/arm-none-eabi/12.2.0/../../../../arm-none-eabi/lib/thumb/v6-m/nofp/libg.a(lib_a-strlen-stub.o)
 .debug_loclists
                0x0000000000006953      0x107 /usr/lib/gcc/arm-none-eabi/12.2.0/../../../../arm-none-eabi/lib/thumb/v6-m/nofp/libg.a(lib_a-__atexit.o)
 .debug_loclists
                0x0000000000006a5a      0x129 /usr/lib/gcc/arm-none-eabi/12.2.0/../../../../arm-none-eabi/lib/thumb/v6-m/nofp/libg.a(lib_a-__call_atexit.o)
 .debug_loclists
                0x0000000000006b83       0x23 /usr/lib/gcc/arm-none-eabi/12.2.0/../../../../arm-none-eabi/lib/thumb/v6-m/nofp/libg.a(lib_a-lock.o)

.debug_aranges  0x0000000000000000      0xf88
 .debug_aranges
                0x0000000000000000       0x70 CMakeFiles/engine.dir/engine/engine.cpp.obj
 .debug_aranges
                0x0000000000000070       0xe0 CMakeFiles/engine.dir/opt/pico-sdk/src/rp2_common/pico_multicore/multicore.c.obj
 .debug_aranges
                0x0000000000000150       0x20 CMakeFiles/engine.dir/opt/pico-sdk/src/common/pico_sync/lock_core.c.obj
 .debug_aranges
                0x0000000000000170       0x58 CMakeFiles/engine.dir/opt/pico-sdk/src/rp2_common/hardware_sync/sync.c.obj
 .debug_aranges
                0x00000000000001c8       0x48 CMakeFiles/engine.dir/opt/pico-sdk/src/rp2_common/hardware_claim/claim.c.obj
 .debug_aranges
                0x0000000000000210       0x28 CMakeFiles/engine.dir/opt/pico-sdk/src/rp2_common/pico_platform/platform.c.obj
 .debug_aranges
                0x0000000000000238      0x140 CMakeFiles/engine.dir/opt/pico-sdk/src/common/pico_time/time.c.obj
 .debug_aranges